<!doctype html public "-//w3c//dtd html 4.0 transitional//en">
<html><head>
<title>Static Call Graph - [.\Objects\Evalbot_Helloworld.axf]</title></head>
<body><HR>
<H1>Static Call Graph for image .\Objects\Evalbot_Helloworld.axf</H1><HR>
<BR><P>#&#060CALLGRAPH&#062# ARM Linker, 6210000: Last Updated: Tue Jan 13 21:37:17 2026
<BR><P>
<H3>Maximum Stack Usage =        400 bytes + Unknown(Functions without stacksize, Cycles, Untraceable Function Pointers)</H3><H3>
Call chain for Maximum Stack Depth:</H3>
svcRtxKernelStart &rArr; osRtxThreadStartup &rArr; svcRtxThreadNew &rArr; osRtxMemoryAlloc &rArr; EvrRtxMemoryAlloc &rArr; EventRecord4 &rArr; EventGetTS &rArr; EventRecorderTimerGetCount &rArr; osKernelGetSysTimerCount &rArr; svcRtxKernelGetSysTimerCount &rArr; OS_Tick_GetCount
<P>
<H3>
Functions with no stack information
</H3><UL>
 <LI><a href="#[6]">SVC_Handler</a>
 <LI><a href="#[8]">PendSV_Handler</a>
 <LI><a href="#[9]">SysTick_Handler</a>
</UL>
</UL>
<P>
<H3>
Mutually Recursive functions
</H3> <LI><a href="#[2]">HardFault_Handler</a>&nbsp;&nbsp;&nbsp;&rArr;&nbsp;&nbsp;&nbsp;<a href="#[2]">HardFault_Handler</a><BR>
 <LI><a href="#[1]">NMI_Handler</a>&nbsp;&nbsp;&nbsp;&rArr;&nbsp;&nbsp;&nbsp;<a href="#[1]">NMI_Handler</a><BR>
 <LI><a href="#[3]">MemManage_Handler</a>&nbsp;&nbsp;&nbsp;&rArr;&nbsp;&nbsp;&nbsp;<a href="#[3]">MemManage_Handler</a><BR>
 <LI><a href="#[4]">BusFault_Handler</a>&nbsp;&nbsp;&nbsp;&rArr;&nbsp;&nbsp;&nbsp;<a href="#[4]">BusFault_Handler</a><BR>
 <LI><a href="#[5]">UsageFault_Handler</a>&nbsp;&nbsp;&nbsp;&rArr;&nbsp;&nbsp;&nbsp;<a href="#[5]">UsageFault_Handler</a><BR>
 <LI><a href="#[7]">DebugMon_Handler</a>&nbsp;&nbsp;&nbsp;&rArr;&nbsp;&nbsp;&nbsp;<a href="#[7]">DebugMon_Handler</a><BR>
 <LI><a href="#[f]">UART0_Handler</a>&nbsp;&nbsp;&nbsp;&rArr;&nbsp;&nbsp;&nbsp;<a href="#[f]">UART0_Handler</a><BR>
 <LI><a href="#[10]">UART1_Handler</a>&nbsp;&nbsp;&nbsp;&rArr;&nbsp;&nbsp;&nbsp;<a href="#[10]">UART1_Handler</a><BR>
 <LI><a href="#[11]">SSI0_Handler</a>&nbsp;&nbsp;&nbsp;&rArr;&nbsp;&nbsp;&nbsp;<a href="#[11]">SSI0_Handler</a><BR>
 <LI><a href="#[12]">I2C0_Handler</a>&nbsp;&nbsp;&nbsp;&rArr;&nbsp;&nbsp;&nbsp;<a href="#[12]">I2C0_Handler</a><BR>
 <LI><a href="#[13]">PWM0Fault_Handler</a>&nbsp;&nbsp;&nbsp;&rArr;&nbsp;&nbsp;&nbsp;<a href="#[13]">PWM0Fault_Handler</a><BR>
 <LI><a href="#[14]">PWM0_0_Handler</a>&nbsp;&nbsp;&nbsp;&rArr;&nbsp;&nbsp;&nbsp;<a href="#[14]">PWM0_0_Handler</a><BR>
 <LI><a href="#[15]">PWM0_1_Handler</a>&nbsp;&nbsp;&nbsp;&rArr;&nbsp;&nbsp;&nbsp;<a href="#[15]">PWM0_1_Handler</a><BR>
 <LI><a href="#[16]">PWM0_2_Handler</a>&nbsp;&nbsp;&nbsp;&rArr;&nbsp;&nbsp;&nbsp;<a href="#[16]">PWM0_2_Handler</a><BR>
 <LI><a href="#[17]">QEI0_Handler</a>&nbsp;&nbsp;&nbsp;&rArr;&nbsp;&nbsp;&nbsp;<a href="#[17]">QEI0_Handler</a><BR>
 <LI><a href="#[18]">ADC0SS0_Handler</a>&nbsp;&nbsp;&nbsp;&rArr;&nbsp;&nbsp;&nbsp;<a href="#[18]">ADC0SS0_Handler</a><BR>
 <LI><a href="#[19]">ADC0SS1_Handler</a>&nbsp;&nbsp;&nbsp;&rArr;&nbsp;&nbsp;&nbsp;<a href="#[19]">ADC0SS1_Handler</a><BR>
 <LI><a href="#[1a]">ADC0SS2_Handler</a>&nbsp;&nbsp;&nbsp;&rArr;&nbsp;&nbsp;&nbsp;<a href="#[1a]">ADC0SS2_Handler</a><BR>
 <LI><a href="#[1b]">ADC0SS3_Handler</a>&nbsp;&nbsp;&nbsp;&rArr;&nbsp;&nbsp;&nbsp;<a href="#[1b]">ADC0SS3_Handler</a><BR>
 <LI><a href="#[1c]">WDT0_Handler</a>&nbsp;&nbsp;&nbsp;&rArr;&nbsp;&nbsp;&nbsp;<a href="#[1c]">WDT0_Handler</a><BR>
 <LI><a href="#[1d]">TIM0A_Handler</a>&nbsp;&nbsp;&nbsp;&rArr;&nbsp;&nbsp;&nbsp;<a href="#[1d]">TIM0A_Handler</a><BR>
 <LI><a href="#[1e]">TIM0B_Handler</a>&nbsp;&nbsp;&nbsp;&rArr;&nbsp;&nbsp;&nbsp;<a href="#[1e]">TIM0B_Handler</a><BR>
 <LI><a href="#[1f]">TIM1A_Handler</a>&nbsp;&nbsp;&nbsp;&rArr;&nbsp;&nbsp;&nbsp;<a href="#[1f]">TIM1A_Handler</a><BR>
 <LI><a href="#[20]">TIM1B_Handler</a>&nbsp;&nbsp;&nbsp;&rArr;&nbsp;&nbsp;&nbsp;<a href="#[20]">TIM1B_Handler</a><BR>
 <LI><a href="#[21]">TIM2A_Handler</a>&nbsp;&nbsp;&nbsp;&rArr;&nbsp;&nbsp;&nbsp;<a href="#[21]">TIM2A_Handler</a><BR>
 <LI><a href="#[22]">TIM2B_Handler</a>&nbsp;&nbsp;&nbsp;&rArr;&nbsp;&nbsp;&nbsp;<a href="#[22]">TIM2B_Handler</a><BR>
 <LI><a href="#[23]">COMP0_Handler</a>&nbsp;&nbsp;&nbsp;&rArr;&nbsp;&nbsp;&nbsp;<a href="#[23]">COMP0_Handler</a><BR>
 <LI><a href="#[24]">COMP1_Handler</a>&nbsp;&nbsp;&nbsp;&rArr;&nbsp;&nbsp;&nbsp;<a href="#[24]">COMP1_Handler</a><BR>
 <LI><a href="#[25]">COMP2_Handler</a>&nbsp;&nbsp;&nbsp;&rArr;&nbsp;&nbsp;&nbsp;<a href="#[25]">COMP2_Handler</a><BR>
 <LI><a href="#[26]">SYSCTL_Handler</a>&nbsp;&nbsp;&nbsp;&rArr;&nbsp;&nbsp;&nbsp;<a href="#[26]">SYSCTL_Handler</a><BR>
 <LI><a href="#[27]">FLASH_Handler</a>&nbsp;&nbsp;&nbsp;&rArr;&nbsp;&nbsp;&nbsp;<a href="#[27]">FLASH_Handler</a><BR>
 <LI><a href="#[2b]">UART2_Handler</a>&nbsp;&nbsp;&nbsp;&rArr;&nbsp;&nbsp;&nbsp;<a href="#[2b]">UART2_Handler</a><BR>
 <LI><a href="#[2c]">SSI1_Handler</a>&nbsp;&nbsp;&nbsp;&rArr;&nbsp;&nbsp;&nbsp;<a href="#[2c]">SSI1_Handler</a><BR>
 <LI><a href="#[2d]">TIM3A_Handler</a>&nbsp;&nbsp;&nbsp;&rArr;&nbsp;&nbsp;&nbsp;<a href="#[2d]">TIM3A_Handler</a><BR>
 <LI><a href="#[2e]">TIM3B_Handler</a>&nbsp;&nbsp;&nbsp;&rArr;&nbsp;&nbsp;&nbsp;<a href="#[2e]">TIM3B_Handler</a><BR>
 <LI><a href="#[2f]">I2C1_Handler</a>&nbsp;&nbsp;&nbsp;&rArr;&nbsp;&nbsp;&nbsp;<a href="#[2f]">I2C1_Handler</a><BR>
 <LI><a href="#[30]">QEI1_Handler</a>&nbsp;&nbsp;&nbsp;&rArr;&nbsp;&nbsp;&nbsp;<a href="#[30]">QEI1_Handler</a><BR>
 <LI><a href="#[31]">CAN0_Handler</a>&nbsp;&nbsp;&nbsp;&rArr;&nbsp;&nbsp;&nbsp;<a href="#[31]">CAN0_Handler</a><BR>
 <LI><a href="#[32]">CAN1_Handler</a>&nbsp;&nbsp;&nbsp;&rArr;&nbsp;&nbsp;&nbsp;<a href="#[32]">CAN1_Handler</a><BR>
 <LI><a href="#[33]">CAN2_Handler</a>&nbsp;&nbsp;&nbsp;&rArr;&nbsp;&nbsp;&nbsp;<a href="#[33]">CAN2_Handler</a><BR>
 <LI><a href="#[34]">ETH0_Handler</a>&nbsp;&nbsp;&nbsp;&rArr;&nbsp;&nbsp;&nbsp;<a href="#[34]">ETH0_Handler</a><BR>
 <LI><a href="#[35]">HIB_Handler</a>&nbsp;&nbsp;&nbsp;&rArr;&nbsp;&nbsp;&nbsp;<a href="#[35]">HIB_Handler</a><BR>
 <LI><a href="#[36]">USB0_Handler</a>&nbsp;&nbsp;&nbsp;&rArr;&nbsp;&nbsp;&nbsp;<a href="#[36]">USB0_Handler</a><BR>
 <LI><a href="#[37]">PWM0_3_Handler</a>&nbsp;&nbsp;&nbsp;&rArr;&nbsp;&nbsp;&nbsp;<a href="#[37]">PWM0_3_Handler</a><BR>
 <LI><a href="#[38]">UDMA_Handler</a>&nbsp;&nbsp;&nbsp;&rArr;&nbsp;&nbsp;&nbsp;<a href="#[38]">UDMA_Handler</a><BR>
 <LI><a href="#[39]">UDMAError_Handler</a>&nbsp;&nbsp;&nbsp;&rArr;&nbsp;&nbsp;&nbsp;<a href="#[39]">UDMAError_Handler</a><BR>
 <LI><a href="#[3a]">ADC1SS0_Handler</a>&nbsp;&nbsp;&nbsp;&rArr;&nbsp;&nbsp;&nbsp;<a href="#[3a]">ADC1SS0_Handler</a><BR>
 <LI><a href="#[3b]">ADC1SS1_Handler</a>&nbsp;&nbsp;&nbsp;&rArr;&nbsp;&nbsp;&nbsp;<a href="#[3b]">ADC1SS1_Handler</a><BR>
 <LI><a href="#[3c]">ADC1SS2_Handler</a>&nbsp;&nbsp;&nbsp;&rArr;&nbsp;&nbsp;&nbsp;<a href="#[3c]">ADC1SS2_Handler</a><BR>
 <LI><a href="#[3d]">ADC1SS3_Handler</a>&nbsp;&nbsp;&nbsp;&rArr;&nbsp;&nbsp;&nbsp;<a href="#[3d]">ADC1SS3_Handler</a><BR>
 <LI><a href="#[3e]">I2S0_Handler</a>&nbsp;&nbsp;&nbsp;&rArr;&nbsp;&nbsp;&nbsp;<a href="#[3e]">I2S0_Handler</a><BR>
 <LI><a href="#[3f]">EPI0_Handler</a>&nbsp;&nbsp;&nbsp;&rArr;&nbsp;&nbsp;&nbsp;<a href="#[3f]">EPI0_Handler</a><BR>
</UL>
<P>
<H3>
Function Pointers
</H3><UL>
 <LI><a href="#[18]">ADC0SS0_Handler</a> from startup_lm3s9b92_ac5_nosct.o(.text) referenced from startup_lm3s9b92_ac5_nosct.o(RESET)
 <LI><a href="#[19]">ADC0SS1_Handler</a> from startup_lm3s9b92_ac5_nosct.o(.text) referenced from startup_lm3s9b92_ac5_nosct.o(RESET)
 <LI><a href="#[1a]">ADC0SS2_Handler</a> from startup_lm3s9b92_ac5_nosct.o(.text) referenced from startup_lm3s9b92_ac5_nosct.o(RESET)
 <LI><a href="#[1b]">ADC0SS3_Handler</a> from startup_lm3s9b92_ac5_nosct.o(.text) referenced from startup_lm3s9b92_ac5_nosct.o(RESET)
 <LI><a href="#[3a]">ADC1SS0_Handler</a> from startup_lm3s9b92_ac5_nosct.o(.text) referenced from startup_lm3s9b92_ac5_nosct.o(RESET)
 <LI><a href="#[3b]">ADC1SS1_Handler</a> from startup_lm3s9b92_ac5_nosct.o(.text) referenced from startup_lm3s9b92_ac5_nosct.o(RESET)
 <LI><a href="#[3c]">ADC1SS2_Handler</a> from startup_lm3s9b92_ac5_nosct.o(.text) referenced from startup_lm3s9b92_ac5_nosct.o(RESET)
 <LI><a href="#[3d]">ADC1SS3_Handler</a> from startup_lm3s9b92_ac5_nosct.o(.text) referenced from startup_lm3s9b92_ac5_nosct.o(RESET)
 <LI><a href="#[69]">ARM_I2C1_Control</a> from i2c_lm3s9b92.o(.text.ARM_I2C1_Control) referenced from i2c_lm3s9b92.o(.rodata.Driver_I2C1)
 <LI><a href="#[68]">ARM_I2C1_GetDataCount</a> from i2c_lm3s9b92.o(.text.ARM_I2C1_GetDataCount) referenced from i2c_lm3s9b92.o(.rodata.Driver_I2C1)
 <LI><a href="#[6a]">ARM_I2C1_GetStatus</a> from i2c_lm3s9b92.o(.text.ARM_I2C1_GetStatus) referenced from i2c_lm3s9b92.o(.rodata.Driver_I2C1)
 <LI><a href="#[61]">ARM_I2C1_Initialize</a> from i2c_lm3s9b92.o(.text.ARM_I2C1_Initialize) referenced from i2c_lm3s9b92.o(.rodata.Driver_I2C1)
 <LI><a href="#[65]">ARM_I2C1_MasterReceive</a> from i2c_lm3s9b92.o(.text.ARM_I2C1_MasterReceive) referenced from i2c_lm3s9b92.o(.rodata.Driver_I2C1)
 <LI><a href="#[64]">ARM_I2C1_MasterTransmit</a> from i2c_lm3s9b92.o(.text.ARM_I2C1_MasterTransmit) referenced from i2c_lm3s9b92.o(.rodata.Driver_I2C1)
 <LI><a href="#[63]">ARM_I2C1_PowerControl</a> from i2c_lm3s9b92.o(.text.ARM_I2C1_PowerControl) referenced from i2c_lm3s9b92.o(.rodata.Driver_I2C1)
 <LI><a href="#[67]">ARM_I2C1_SlaveReceive</a> from i2c_lm3s9b92.o(.text.ARM_I2C1_SlaveReceive) referenced from i2c_lm3s9b92.o(.rodata.Driver_I2C1)
 <LI><a href="#[66]">ARM_I2C1_SlaveTransmit</a> from i2c_lm3s9b92.o(.text.ARM_I2C1_SlaveTransmit) referenced from i2c_lm3s9b92.o(.rodata.Driver_I2C1)
 <LI><a href="#[62]">ARM_I2C1_Uninitialize</a> from i2c_lm3s9b92.o(.text.ARM_I2C1_Uninitialize) referenced from i2c_lm3s9b92.o(.rodata.Driver_I2C1)
 <LI><a href="#[60]">ARM_I2C_GetCapabilities</a> from i2c_lm3s9b92.o(.text.ARM_I2C_GetCapabilities) referenced from i2c_lm3s9b92.o(.rodata.Driver_I2C1)
 <LI><a href="#[5f]">ARM_I2C_GetVersion</a> from i2c_lm3s9b92.o(.text.ARM_I2C_GetVersion) referenced from i2c_lm3s9b92.o(.rodata.Driver_I2C1)
 <LI><a href="#[4]">BusFault_Handler</a> from startup_lm3s9b92_ac5_nosct.o(.text) referenced from startup_lm3s9b92_ac5_nosct.o(RESET)
 <LI><a href="#[31]">CAN0_Handler</a> from startup_lm3s9b92_ac5_nosct.o(.text) referenced from startup_lm3s9b92_ac5_nosct.o(RESET)
 <LI><a href="#[32]">CAN1_Handler</a> from startup_lm3s9b92_ac5_nosct.o(.text) referenced from startup_lm3s9b92_ac5_nosct.o(RESET)
 <LI><a href="#[33]">CAN2_Handler</a> from startup_lm3s9b92_ac5_nosct.o(.text) referenced from startup_lm3s9b92_ac5_nosct.o(RESET)
 <LI><a href="#[23]">COMP0_Handler</a> from startup_lm3s9b92_ac5_nosct.o(.text) referenced from startup_lm3s9b92_ac5_nosct.o(RESET)
 <LI><a href="#[24]">COMP1_Handler</a> from startup_lm3s9b92_ac5_nosct.o(.text) referenced from startup_lm3s9b92_ac5_nosct.o(RESET)
 <LI><a href="#[25]">COMP2_Handler</a> from startup_lm3s9b92_ac5_nosct.o(.text) referenced from startup_lm3s9b92_ac5_nosct.o(RESET)
 <LI><a href="#[7]">DebugMon_Handler</a> from startup_lm3s9b92_ac5_nosct.o(.text) referenced from startup_lm3s9b92_ac5_nosct.o(RESET)
 <LI><a href="#[3f]">EPI0_Handler</a> from startup_lm3s9b92_ac5_nosct.o(.text) referenced from startup_lm3s9b92_ac5_nosct.o(RESET)
 <LI><a href="#[34]">ETH0_Handler</a> from startup_lm3s9b92_ac5_nosct.o(.text) referenced from startup_lm3s9b92_ac5_nosct.o(RESET)
 <LI><a href="#[27]">FLASH_Handler</a> from startup_lm3s9b92_ac5_nosct.o(.text) referenced from startup_lm3s9b92_ac5_nosct.o(RESET)
 <LI><a href="#[a]">GPIOA_Handler</a> from gpio_lm3s9b92.o(.text.GPIOA_Handler) referenced from startup_lm3s9b92_ac5_nosct.o(RESET)
 <LI><a href="#[b]">GPIOB_Handler</a> from gpio_lm3s9b92.o(.text.GPIOB_Handler) referenced from startup_lm3s9b92_ac5_nosct.o(RESET)
 <LI><a href="#[c]">GPIOC_Handler</a> from gpio_lm3s9b92.o(.text.GPIOC_Handler) referenced from startup_lm3s9b92_ac5_nosct.o(RESET)
 <LI><a href="#[d]">GPIOD_Handler</a> from gpio_lm3s9b92.o(.text.GPIOD_Handler) referenced from startup_lm3s9b92_ac5_nosct.o(RESET)
 <LI><a href="#[e]">GPIOE_Handler</a> from gpio_lm3s9b92.o(.text.GPIOE_Handler) referenced from startup_lm3s9b92_ac5_nosct.o(RESET)
 <LI><a href="#[5e]">GPIOF_GetInput</a> from gpio_lm3s9b92.o(.text.GPIOF_GetInput) referenced from gpio_lm3s9b92.o(.rodata.Driver_GPIO5)
 <LI><a href="#[28]">GPIOF_Handler</a> from gpio_lm3s9b92.o(.text.GPIOF_Handler) referenced from startup_lm3s9b92_ac5_nosct.o(RESET)
 <LI><a href="#[59]">GPIOF_SetDirection</a> from gpio_lm3s9b92.o(.text.GPIOF_SetDirection) referenced from gpio_lm3s9b92.o(.rodata.Driver_GPIO5)
 <LI><a href="#[5c]">GPIOF_SetEventTrigger</a> from gpio_lm3s9b92.o(.text.GPIOF_SetEventTrigger) referenced from gpio_lm3s9b92.o(.rodata.Driver_GPIO5)
 <LI><a href="#[5d]">GPIOF_SetOutput</a> from gpio_lm3s9b92.o(.text.GPIOF_SetOutput) referenced from gpio_lm3s9b92.o(.rodata.Driver_GPIO5)
 <LI><a href="#[5a]">GPIOF_SetOutputMode</a> from gpio_lm3s9b92.o(.text.GPIOF_SetOutputMode) referenced from gpio_lm3s9b92.o(.rodata.Driver_GPIO5)
 <LI><a href="#[5b]">GPIOF_SetPullResistor</a> from gpio_lm3s9b92.o(.text.GPIOF_SetPullResistor) referenced from gpio_lm3s9b92.o(.rodata.Driver_GPIO5)
 <LI><a href="#[58]">GPIOF_Setup</a> from gpio_lm3s9b92.o(.text.GPIOF_Setup) referenced from gpio_lm3s9b92.o(.rodata.Driver_GPIO5)
 <LI><a href="#[29]">GPIOG_Handler</a> from gpio_lm3s9b92.o(.text.GPIOG_Handler) referenced from startup_lm3s9b92_ac5_nosct.o(RESET)
 <LI><a href="#[2a]">GPIOH_Handler</a> from gpio_lm3s9b92.o(.text.GPIOH_Handler) referenced from startup_lm3s9b92_ac5_nosct.o(RESET)
 <LI><a href="#[40]">GPIOJ_Handler</a> from gpio_lm3s9b92.o(.text.GPIOJ_Handler) referenced from startup_lm3s9b92_ac5_nosct.o(RESET)
 <LI><a href="#[35]">HIB_Handler</a> from startup_lm3s9b92_ac5_nosct.o(.text) referenced from startup_lm3s9b92_ac5_nosct.o(RESET)
 <LI><a href="#[2]">HardFault_Handler</a> from startup_lm3s9b92_ac5_nosct.o(.text) referenced from startup_lm3s9b92_ac5_nosct.o(RESET)
 <LI><a href="#[12]">I2C0_Handler</a> from startup_lm3s9b92_ac5_nosct.o(.text) referenced from startup_lm3s9b92_ac5_nosct.o(RESET)
 <LI><a href="#[2f]">I2C1_Handler</a> from startup_lm3s9b92_ac5_nosct.o(.text) referenced from startup_lm3s9b92_ac5_nosct.o(RESET)
 <LI><a href="#[71]">I2C_AbortTransfer</a> from dv_i2c.o(.text.I2C_AbortTransfer) referenced from cmsis_dv.o(.rodata.TC_List_I2C)
 <LI><a href="#[70]">I2C_BusClear</a> from dv_i2c.o(.text.I2C_BusClear) referenced from cmsis_dv.o(.rodata.TC_List_I2C)
 <LI><a href="#[72]">I2C_CheckInvalidInit</a> from dv_i2c.o(.text.I2C_CheckInvalidInit) referenced from cmsis_dv.o(.rodata.TC_List_I2C)
 <LI><a href="#[44]">I2C_DrvEvent</a> from dv_i2c.o(.text.I2C_DrvEvent) referenced 2 times from dv_i2c.o(.text.I2C_AbortTransfer)
 <LI><a href="#[44]">I2C_DrvEvent</a> from dv_i2c.o(.text.I2C_DrvEvent) referenced 2 times from dv_i2c.o(.text.I2C_BusClear)
 <LI><a href="#[44]">I2C_DrvEvent</a> from dv_i2c.o(.text.I2C_DrvEvent) referenced 2 times from dv_i2c.o(.text.I2C_Initialization)
 <LI><a href="#[44]">I2C_DrvEvent</a> from dv_i2c.o(.text.I2C_DrvEvent) referenced 2 times from dv_i2c.o(.text.I2C_PowerControl)
 <LI><a href="#[44]">I2C_DrvEvent</a> from dv_i2c.o(.text.I2C_DrvEvent) referenced 2 times from dv_i2c.o(.text.I2C_SetBusSpeed)
 <LI><a href="#[44]">I2C_DrvEvent</a> from dv_i2c.o(.text.I2C_DrvEvent) referenced 2 times from dv_i2c.o(.text.I2C_SetOwnAddress)
 <LI><a href="#[6b]">I2C_GetCapabilities</a> from dv_i2c.o(.text.I2C_GetCapabilities) referenced from cmsis_dv.o(.rodata.TC_List_I2C)
 <LI><a href="#[6c]">I2C_Initialization</a> from dv_i2c.o(.text.I2C_Initialization) referenced from cmsis_dv.o(.rodata.TC_List_I2C)
 <LI><a href="#[6d]">I2C_PowerControl</a> from dv_i2c.o(.text.I2C_PowerControl) referenced from cmsis_dv.o(.rodata.TC_List_I2C)
 <LI><a href="#[6e]">I2C_SetBusSpeed</a> from dv_i2c.o(.text.I2C_SetBusSpeed) referenced from cmsis_dv.o(.rodata.TC_List_I2C)
 <LI><a href="#[6f]">I2C_SetOwnAddress</a> from dv_i2c.o(.text.I2C_SetOwnAddress) referenced from cmsis_dv.o(.rodata.TC_List_I2C)
 <LI><a href="#[3e]">I2S0_Handler</a> from startup_lm3s9b92_ac5_nosct.o(.text) referenced from startup_lm3s9b92_ac5_nosct.o(RESET)
 <LI><a href="#[3]">MemManage_Handler</a> from startup_lm3s9b92_ac5_nosct.o(.text) referenced from startup_lm3s9b92_ac5_nosct.o(RESET)
 <LI><a href="#[1]">NMI_Handler</a> from startup_lm3s9b92_ac5_nosct.o(.text) referenced from startup_lm3s9b92_ac5_nosct.o(RESET)
 <LI><a href="#[13]">PWM0Fault_Handler</a> from startup_lm3s9b92_ac5_nosct.o(.text) referenced from startup_lm3s9b92_ac5_nosct.o(RESET)
 <LI><a href="#[14]">PWM0_0_Handler</a> from startup_lm3s9b92_ac5_nosct.o(.text) referenced from startup_lm3s9b92_ac5_nosct.o(RESET)
 <LI><a href="#[15]">PWM0_1_Handler</a> from startup_lm3s9b92_ac5_nosct.o(.text) referenced from startup_lm3s9b92_ac5_nosct.o(RESET)
 <LI><a href="#[16]">PWM0_2_Handler</a> from startup_lm3s9b92_ac5_nosct.o(.text) referenced from startup_lm3s9b92_ac5_nosct.o(RESET)
 <LI><a href="#[37]">PWM0_3_Handler</a> from startup_lm3s9b92_ac5_nosct.o(.text) referenced from startup_lm3s9b92_ac5_nosct.o(RESET)
 <LI><a href="#[8]">PendSV_Handler</a> from irq_armv7m.o(.text) referenced from startup_lm3s9b92_ac5_nosct.o(RESET)
 <LI><a href="#[17]">QEI0_Handler</a> from startup_lm3s9b92_ac5_nosct.o(.text) referenced from startup_lm3s9b92_ac5_nosct.o(RESET)
 <LI><a href="#[30]">QEI1_Handler</a> from startup_lm3s9b92_ac5_nosct.o(.text) referenced from startup_lm3s9b92_ac5_nosct.o(RESET)
 <LI><a href="#[0]">Reset_Handler</a> from startup_lm3s9b92_ac5_nosct.o(.text) referenced from startup_lm3s9b92_ac5_nosct.o(RESET)
 <LI><a href="#[11]">SSI0_Handler</a> from startup_lm3s9b92_ac5_nosct.o(.text) referenced from startup_lm3s9b92_ac5_nosct.o(RESET)
 <LI><a href="#[2c]">SSI1_Handler</a> from startup_lm3s9b92_ac5_nosct.o(.text) referenced from startup_lm3s9b92_ac5_nosct.o(RESET)
 <LI><a href="#[6]">SVC_Handler</a> from irq_armv7m.o(.text) referenced from startup_lm3s9b92_ac5_nosct.o(RESET)
 <LI><a href="#[26]">SYSCTL_Handler</a> from startup_lm3s9b92_ac5_nosct.o(.text) referenced from startup_lm3s9b92_ac5_nosct.o(RESET)
 <LI><a href="#[9]">SysTick_Handler</a> from irq_armv7m.o(.text) referenced 2 times from rtx_kernel.o(.text.svcRtxKernelStart)
 <LI><a href="#[9]">SysTick_Handler</a> from irq_armv7m.o(.text) referenced from startup_lm3s9b92_ac5_nosct.o(RESET)
 <LI><a href="#[42]">SystemInit</a> from system_lm3s9b92.o(.text.SystemInit) referenced from startup_lm3s9b92_ac5_nosct.o(.text)
 <LI><a href="#[1d]">TIM0A_Handler</a> from startup_lm3s9b92_ac5_nosct.o(.text) referenced from startup_lm3s9b92_ac5_nosct.o(RESET)
 <LI><a href="#[1e]">TIM0B_Handler</a> from startup_lm3s9b92_ac5_nosct.o(.text) referenced from startup_lm3s9b92_ac5_nosct.o(RESET)
 <LI><a href="#[1f]">TIM1A_Handler</a> from startup_lm3s9b92_ac5_nosct.o(.text) referenced from startup_lm3s9b92_ac5_nosct.o(RESET)
 <LI><a href="#[20]">TIM1B_Handler</a> from startup_lm3s9b92_ac5_nosct.o(.text) referenced from startup_lm3s9b92_ac5_nosct.o(RESET)
 <LI><a href="#[21]">TIM2A_Handler</a> from startup_lm3s9b92_ac5_nosct.o(.text) referenced from startup_lm3s9b92_ac5_nosct.o(RESET)
 <LI><a href="#[22]">TIM2B_Handler</a> from startup_lm3s9b92_ac5_nosct.o(.text) referenced from startup_lm3s9b92_ac5_nosct.o(RESET)
 <LI><a href="#[2d]">TIM3A_Handler</a> from startup_lm3s9b92_ac5_nosct.o(.text) referenced from startup_lm3s9b92_ac5_nosct.o(RESET)
 <LI><a href="#[2e]">TIM3B_Handler</a> from startup_lm3s9b92_ac5_nosct.o(.text) referenced from startup_lm3s9b92_ac5_nosct.o(RESET)
 <LI><a href="#[f]">UART0_Handler</a> from startup_lm3s9b92_ac5_nosct.o(.text) referenced from startup_lm3s9b92_ac5_nosct.o(RESET)
 <LI><a href="#[10]">UART1_Handler</a> from startup_lm3s9b92_ac5_nosct.o(.text) referenced from startup_lm3s9b92_ac5_nosct.o(RESET)
 <LI><a href="#[2b]">UART2_Handler</a> from startup_lm3s9b92_ac5_nosct.o(.text) referenced from startup_lm3s9b92_ac5_nosct.o(RESET)
 <LI><a href="#[39]">UDMAError_Handler</a> from startup_lm3s9b92_ac5_nosct.o(.text) referenced from startup_lm3s9b92_ac5_nosct.o(RESET)
 <LI><a href="#[38]">UDMA_Handler</a> from startup_lm3s9b92_ac5_nosct.o(.text) referenced from startup_lm3s9b92_ac5_nosct.o(RESET)
 <LI><a href="#[36]">USB0_Handler</a> from startup_lm3s9b92_ac5_nosct.o(.text) referenced from startup_lm3s9b92_ac5_nosct.o(RESET)
 <LI><a href="#[5]">UsageFault_Handler</a> from startup_lm3s9b92_ac5_nosct.o(.text) referenced from startup_lm3s9b92_ac5_nosct.o(RESET)
 <LI><a href="#[1c]">WDT0_Handler</a> from startup_lm3s9b92_ac5_nosct.o(.text) referenced from startup_lm3s9b92_ac5_nosct.o(RESET)
 <LI><a href="#[43]">__main</a> from entry.o(.ARM.Collect$$$$00000000) referenced from startup_lm3s9b92_ac5_nosct.o(.text)
 <LI><a href="#[46]">app_main</a> from main.o(.text.app_main) referenced 2 times from main.o(.text.main)
 <LI><a href="#[7c]">as_Result</a> from dv_report.o(.text.as_Result) referenced from dv_report.o(.data.ritf)
 <LI><a href="#[45]">cmsis_dv</a> from dv_framework.o(.text.cmsis_dv) referenced 2 times from main.o(.text.app_main)
 <LI><a href="#[55]">fputc</a> from retarget_io.o(.text.fputc) referenced from printfa.o(i.__0vprintf)
 <LI><a href="#[41]">main</a> from main.o(.text.main) referenced from entry9a.o(.ARM.Collect$$$$0000000B)
 <LI><a href="#[4e]">osRtxIdleThread</a> from rtx_config.o(.text.osRtxIdleThread) referenced 2 times from rtx_thread.o(.text.osRtxThreadStartup)
 <LI><a href="#[52]">osRtxMessageQueuePostProcess</a> from rtx_msgqueue.o(.text.osRtxMessageQueuePostProcess) referenced 2 times from rtx_msgqueue.o(.text.svcRtxMessageQueueNew)
 <LI><a href="#[54]">osRtxThreadPostProcess</a> from rtx_thread.o(.text.osRtxThreadPostProcess) referenced 2 times from rtx_thread.o(.text.svcRtxThreadNew)
 <LI><a href="#[57]">osRtxTimerSetup</a> from rtx_timer.o(.text.osRtxTimerSetup) referenced from rtx_lib.o(.rodata)
 <LI><a href="#[56]">osRtxTimerThread</a> from rtx_timer.o(.text.osRtxTimerThread) referenced from rtx_lib.o(.rodata)
 <LI><a href="#[4f]">osRtxTimerTick</a> from rtx_timer.o(.text.osRtxTimerTick) referenced 2 times from rtx_timer.o(.text.osRtxTimerSetup)
 <LI><a href="#[53]">osThreadEntry</a> from rtx_thread.o(.text.osThreadEntry) referenced 2 times from rtx_thread.o(.text.svcRtxThreadNew)
 <LI><a href="#[47]">svcRtxDelay</a> from rtx_delay.o(.text.svcRtxDelay) referenced 2 times from rtx_delay.o(.text.osDelay)
 <LI><a href="#[48]">svcRtxKernelGetState</a> from rtx_kernel.o(.text.svcRtxKernelGetState) referenced 2 times from rtx_kernel.o(.text.osKernelGetState)
 <LI><a href="#[49]">svcRtxKernelGetSysTimerCount</a> from rtx_kernel.o(.text.svcRtxKernelGetSysTimerCount) referenced 2 times from rtx_kernel.o(.text.osKernelGetSysTimerCount)
 <LI><a href="#[4a]">svcRtxKernelInitialize</a> from rtx_kernel.o(.text.svcRtxKernelInitialize) referenced 2 times from rtx_kernel.o(.text.osKernelInitialize)
 <LI><a href="#[4b]">svcRtxKernelStart</a> from rtx_kernel.o(.text.svcRtxKernelStart) referenced 2 times from rtx_kernel.o(.text.osKernelStart)
 <LI><a href="#[4c]">svcRtxMessageQueueGet</a> from rtx_msgqueue.o(.text.svcRtxMessageQueueGet) referenced 2 times from rtx_msgqueue.o(.text.osMessageQueueGet)
 <LI><a href="#[4d]">svcRtxMessageQueuePut</a> from rtx_msgqueue.o(.text.svcRtxMessageQueuePut) referenced 2 times from rtx_msgqueue.o(.text.osMessageQueuePut)
 <LI><a href="#[50]">svcRtxThreadExit</a> from rtx_thread.o(.text.svcRtxThreadExit) referenced 2 times from rtx_thread.o(.text.osThreadExit)
 <LI><a href="#[51]">svcRtxThreadNew</a> from rtx_thread.o(.text.svcRtxThreadNew) referenced 2 times from rtx_thread.o(.text.osThreadNew)
 <LI><a href="#[7a]">tc_Detail</a> from dv_report.o(.text.tc_Detail) referenced from dv_report.o(.data.ritf)
 <LI><a href="#[79]">tc_Init</a> from dv_report.o(.text.tc_Init) referenced from dv_report.o(.data.ritf)
 <LI><a href="#[7b]">tc_Uninit</a> from dv_report.o(.text.tc_Uninit) referenced from dv_report.o(.data.ritf)
 <LI><a href="#[76]">tg_Info</a> from dv_report.o(.text.tg_Info) referenced from dv_report.o(.data.ritf)
 <LI><a href="#[77]">tg_InfoDone</a> from dv_report.o(.text.tg_InfoDone) referenced from dv_report.o(.data.ritf)
 <LI><a href="#[75]">tg_Init</a> from dv_report.o(.text.tg_Init) referenced from dv_report.o(.data.ritf)
 <LI><a href="#[78]">tg_Uninit</a> from dv_report.o(.text.tg_Uninit) referenced from dv_report.o(.data.ritf)
 <LI><a href="#[73]">tr_Init</a> from dv_report.o(.text.tr_Init) referenced from dv_report.o(.data.ritf)
 <LI><a href="#[74]">tr_Uninit</a> from dv_report.o(.text.tr_Uninit) referenced from dv_report.o(.data.ritf)
</UL>
<P>
<H3>
Global Symbols
</H3>
<P><STRONG><a name="[43]"></a>__main</STRONG> (Thumb, 0 bytes, Stack size unknown bytes, entry.o(.ARM.Collect$$$$00000000))
<BR>[Address Reference Count : 1]<UL><LI> startup_lm3s9b92_ac5_nosct.o(.text)
</UL>
<P><STRONG><a name="[16a]"></a>_main_stk</STRONG> (Thumb, 0 bytes, Stack size unknown bytes, entry2.o(.ARM.Collect$$$$00000001))

<P><STRONG><a name="[7d]"></a>_main_scatterload</STRONG> (Thumb, 0 bytes, Stack size unknown bytes, entry5.o(.ARM.Collect$$$$00000004))
<BR><BR>[Calls]<UL><LI><a href="#[7e]">&gt;&gt;</a>&nbsp;&nbsp;&nbsp;__scatterload
</UL>

<P><STRONG><a name="[92]"></a>__main_after_scatterload</STRONG> (Thumb, 0 bytes, Stack size unknown bytes, entry5.o(.ARM.Collect$$$$00000004))
<BR><BR>[Called By]<UL><LI><a href="#[7e]">&gt;&gt;</a>&nbsp;&nbsp;&nbsp;__scatterload
</UL>

<P><STRONG><a name="[16b]"></a>_main_clock</STRONG> (Thumb, 0 bytes, Stack size unknown bytes, entry7b.o(.ARM.Collect$$$$00000008))

<P><STRONG><a name="[16c]"></a>_main_cpp_init</STRONG> (Thumb, 0 bytes, Stack size unknown bytes, entry8b.o(.ARM.Collect$$$$0000000A))

<P><STRONG><a name="[16d]"></a>_main_init</STRONG> (Thumb, 0 bytes, Stack size unknown bytes, entry9a.o(.ARM.Collect$$$$0000000B))

<P><STRONG><a name="[16e]"></a>__rt_final_cpp</STRONG> (Thumb, 0 bytes, Stack size unknown bytes, entry10a.o(.ARM.Collect$$$$0000000D))

<P><STRONG><a name="[16f]"></a>__rt_final_exit</STRONG> (Thumb, 0 bytes, Stack size unknown bytes, entry11a.o(.ARM.Collect$$$$0000000F))

<P><STRONG><a name="[0]"></a>Reset_Handler</STRONG> (Thumb, 8 bytes, Stack size 0 bytes, startup_lm3s9b92_ac5_nosct.o(.text))
<BR>[Address Reference Count : 1]<UL><LI> startup_lm3s9b92_ac5_nosct.o(RESET)
</UL>
<P><STRONG><a name="[2]"></a>HardFault_Handler</STRONG> (Thumb, 2 bytes, Stack size 0 bytes, startup_lm3s9b92_ac5_nosct.o(.text))
<BR><BR>[Calls]<UL><LI><a href="#[2]">&gt;&gt;</a>&nbsp;&nbsp;&nbsp;HardFault_Handler
</UL>
<BR>[Called By]<UL><LI><a href="#[2]">&gt;&gt;</a>&nbsp;&nbsp;&nbsp;HardFault_Handler
</UL>
<BR>[Address Reference Count : 1]<UL><LI> startup_lm3s9b92_ac5_nosct.o(RESET)
</UL>
<P><STRONG><a name="[1]"></a>NMI_Handler</STRONG> (Thumb, 2 bytes, Stack size 0 bytes, startup_lm3s9b92_ac5_nosct.o(.text))
<BR><BR>[Calls]<UL><LI><a href="#[1]">&gt;&gt;</a>&nbsp;&nbsp;&nbsp;NMI_Handler
</UL>
<BR>[Called By]<UL><LI><a href="#[1]">&gt;&gt;</a>&nbsp;&nbsp;&nbsp;NMI_Handler
</UL>
<BR>[Address Reference Count : 1]<UL><LI> startup_lm3s9b92_ac5_nosct.o(RESET)
</UL>
<P><STRONG><a name="[3]"></a>MemManage_Handler</STRONG> (Thumb, 2 bytes, Stack size 0 bytes, startup_lm3s9b92_ac5_nosct.o(.text))
<BR><BR>[Calls]<UL><LI><a href="#[3]">&gt;&gt;</a>&nbsp;&nbsp;&nbsp;MemManage_Handler
</UL>
<BR>[Called By]<UL><LI><a href="#[3]">&gt;&gt;</a>&nbsp;&nbsp;&nbsp;MemManage_Handler
</UL>
<BR>[Address Reference Count : 1]<UL><LI> startup_lm3s9b92_ac5_nosct.o(RESET)
</UL>
<P><STRONG><a name="[4]"></a>BusFault_Handler</STRONG> (Thumb, 2 bytes, Stack size 0 bytes, startup_lm3s9b92_ac5_nosct.o(.text))
<BR><BR>[Calls]<UL><LI><a href="#[4]">&gt;&gt;</a>&nbsp;&nbsp;&nbsp;BusFault_Handler
</UL>
<BR>[Called By]<UL><LI><a href="#[4]">&gt;&gt;</a>&nbsp;&nbsp;&nbsp;BusFault_Handler
</UL>
<BR>[Address Reference Count : 1]<UL><LI> startup_lm3s9b92_ac5_nosct.o(RESET)
</UL>
<P><STRONG><a name="[5]"></a>UsageFault_Handler</STRONG> (Thumb, 2 bytes, Stack size 0 bytes, startup_lm3s9b92_ac5_nosct.o(.text))
<BR><BR>[Calls]<UL><LI><a href="#[5]">&gt;&gt;</a>&nbsp;&nbsp;&nbsp;UsageFault_Handler
</UL>
<BR>[Called By]<UL><LI><a href="#[5]">&gt;&gt;</a>&nbsp;&nbsp;&nbsp;UsageFault_Handler
</UL>
<BR>[Address Reference Count : 1]<UL><LI> startup_lm3s9b92_ac5_nosct.o(RESET)
</UL>
<P><STRONG><a name="[7]"></a>DebugMon_Handler</STRONG> (Thumb, 2 bytes, Stack size 0 bytes, startup_lm3s9b92_ac5_nosct.o(.text))
<BR><BR>[Calls]<UL><LI><a href="#[7]">&gt;&gt;</a>&nbsp;&nbsp;&nbsp;DebugMon_Handler
</UL>
<BR>[Called By]<UL><LI><a href="#[7]">&gt;&gt;</a>&nbsp;&nbsp;&nbsp;DebugMon_Handler
</UL>
<BR>[Address Reference Count : 1]<UL><LI> startup_lm3s9b92_ac5_nosct.o(RESET)
</UL>
<P><STRONG><a name="[f]"></a>UART0_Handler</STRONG> (Thumb, 2 bytes, Stack size 0 bytes, startup_lm3s9b92_ac5_nosct.o(.text))
<BR><BR>[Calls]<UL><LI><a href="#[f]">&gt;&gt;</a>&nbsp;&nbsp;&nbsp;UART0_Handler
</UL>
<BR>[Called By]<UL><LI><a href="#[f]">&gt;&gt;</a>&nbsp;&nbsp;&nbsp;UART0_Handler
</UL>
<BR>[Address Reference Count : 1]<UL><LI> startup_lm3s9b92_ac5_nosct.o(RESET)
</UL>
<P><STRONG><a name="[10]"></a>UART1_Handler</STRONG> (Thumb, 2 bytes, Stack size 0 bytes, startup_lm3s9b92_ac5_nosct.o(.text))
<BR><BR>[Calls]<UL><LI><a href="#[10]">&gt;&gt;</a>&nbsp;&nbsp;&nbsp;UART1_Handler
</UL>
<BR>[Called By]<UL><LI><a href="#[10]">&gt;&gt;</a>&nbsp;&nbsp;&nbsp;UART1_Handler
</UL>
<BR>[Address Reference Count : 1]<UL><LI> startup_lm3s9b92_ac5_nosct.o(RESET)
</UL>
<P><STRONG><a name="[11]"></a>SSI0_Handler</STRONG> (Thumb, 2 bytes, Stack size 0 bytes, startup_lm3s9b92_ac5_nosct.o(.text))
<BR><BR>[Calls]<UL><LI><a href="#[11]">&gt;&gt;</a>&nbsp;&nbsp;&nbsp;SSI0_Handler
</UL>
<BR>[Called By]<UL><LI><a href="#[11]">&gt;&gt;</a>&nbsp;&nbsp;&nbsp;SSI0_Handler
</UL>
<BR>[Address Reference Count : 1]<UL><LI> startup_lm3s9b92_ac5_nosct.o(RESET)
</UL>
<P><STRONG><a name="[12]"></a>I2C0_Handler</STRONG> (Thumb, 2 bytes, Stack size 0 bytes, startup_lm3s9b92_ac5_nosct.o(.text))
<BR><BR>[Calls]<UL><LI><a href="#[12]">&gt;&gt;</a>&nbsp;&nbsp;&nbsp;I2C0_Handler
</UL>
<BR>[Called By]<UL><LI><a href="#[12]">&gt;&gt;</a>&nbsp;&nbsp;&nbsp;I2C0_Handler
</UL>
<BR>[Address Reference Count : 1]<UL><LI> startup_lm3s9b92_ac5_nosct.o(RESET)
</UL>
<P><STRONG><a name="[13]"></a>PWM0Fault_Handler</STRONG> (Thumb, 2 bytes, Stack size 0 bytes, startup_lm3s9b92_ac5_nosct.o(.text))
<BR><BR>[Calls]<UL><LI><a href="#[13]">&gt;&gt;</a>&nbsp;&nbsp;&nbsp;PWM0Fault_Handler
</UL>
<BR>[Called By]<UL><LI><a href="#[13]">&gt;&gt;</a>&nbsp;&nbsp;&nbsp;PWM0Fault_Handler
</UL>
<BR>[Address Reference Count : 1]<UL><LI> startup_lm3s9b92_ac5_nosct.o(RESET)
</UL>
<P><STRONG><a name="[14]"></a>PWM0_0_Handler</STRONG> (Thumb, 2 bytes, Stack size 0 bytes, startup_lm3s9b92_ac5_nosct.o(.text))
<BR><BR>[Calls]<UL><LI><a href="#[14]">&gt;&gt;</a>&nbsp;&nbsp;&nbsp;PWM0_0_Handler
</UL>
<BR>[Called By]<UL><LI><a href="#[14]">&gt;&gt;</a>&nbsp;&nbsp;&nbsp;PWM0_0_Handler
</UL>
<BR>[Address Reference Count : 1]<UL><LI> startup_lm3s9b92_ac5_nosct.o(RESET)
</UL>
<P><STRONG><a name="[15]"></a>PWM0_1_Handler</STRONG> (Thumb, 2 bytes, Stack size 0 bytes, startup_lm3s9b92_ac5_nosct.o(.text))
<BR><BR>[Calls]<UL><LI><a href="#[15]">&gt;&gt;</a>&nbsp;&nbsp;&nbsp;PWM0_1_Handler
</UL>
<BR>[Called By]<UL><LI><a href="#[15]">&gt;&gt;</a>&nbsp;&nbsp;&nbsp;PWM0_1_Handler
</UL>
<BR>[Address Reference Count : 1]<UL><LI> startup_lm3s9b92_ac5_nosct.o(RESET)
</UL>
<P><STRONG><a name="[16]"></a>PWM0_2_Handler</STRONG> (Thumb, 2 bytes, Stack size 0 bytes, startup_lm3s9b92_ac5_nosct.o(.text))
<BR><BR>[Calls]<UL><LI><a href="#[16]">&gt;&gt;</a>&nbsp;&nbsp;&nbsp;PWM0_2_Handler
</UL>
<BR>[Called By]<UL><LI><a href="#[16]">&gt;&gt;</a>&nbsp;&nbsp;&nbsp;PWM0_2_Handler
</UL>
<BR>[Address Reference Count : 1]<UL><LI> startup_lm3s9b92_ac5_nosct.o(RESET)
</UL>
<P><STRONG><a name="[17]"></a>QEI0_Handler</STRONG> (Thumb, 2 bytes, Stack size 0 bytes, startup_lm3s9b92_ac5_nosct.o(.text))
<BR><BR>[Calls]<UL><LI><a href="#[17]">&gt;&gt;</a>&nbsp;&nbsp;&nbsp;QEI0_Handler
</UL>
<BR>[Called By]<UL><LI><a href="#[17]">&gt;&gt;</a>&nbsp;&nbsp;&nbsp;QEI0_Handler
</UL>
<BR>[Address Reference Count : 1]<UL><LI> startup_lm3s9b92_ac5_nosct.o(RESET)
</UL>
<P><STRONG><a name="[18]"></a>ADC0SS0_Handler</STRONG> (Thumb, 2 bytes, Stack size 0 bytes, startup_lm3s9b92_ac5_nosct.o(.text))
<BR><BR>[Calls]<UL><LI><a href="#[18]">&gt;&gt;</a>&nbsp;&nbsp;&nbsp;ADC0SS0_Handler
</UL>
<BR>[Called By]<UL><LI><a href="#[18]">&gt;&gt;</a>&nbsp;&nbsp;&nbsp;ADC0SS0_Handler
</UL>
<BR>[Address Reference Count : 1]<UL><LI> startup_lm3s9b92_ac5_nosct.o(RESET)
</UL>
<P><STRONG><a name="[19]"></a>ADC0SS1_Handler</STRONG> (Thumb, 2 bytes, Stack size 0 bytes, startup_lm3s9b92_ac5_nosct.o(.text))
<BR><BR>[Calls]<UL><LI><a href="#[19]">&gt;&gt;</a>&nbsp;&nbsp;&nbsp;ADC0SS1_Handler
</UL>
<BR>[Called By]<UL><LI><a href="#[19]">&gt;&gt;</a>&nbsp;&nbsp;&nbsp;ADC0SS1_Handler
</UL>
<BR>[Address Reference Count : 1]<UL><LI> startup_lm3s9b92_ac5_nosct.o(RESET)
</UL>
<P><STRONG><a name="[1a]"></a>ADC0SS2_Handler</STRONG> (Thumb, 2 bytes, Stack size 0 bytes, startup_lm3s9b92_ac5_nosct.o(.text))
<BR><BR>[Calls]<UL><LI><a href="#[1a]">&gt;&gt;</a>&nbsp;&nbsp;&nbsp;ADC0SS2_Handler
</UL>
<BR>[Called By]<UL><LI><a href="#[1a]">&gt;&gt;</a>&nbsp;&nbsp;&nbsp;ADC0SS2_Handler
</UL>
<BR>[Address Reference Count : 1]<UL><LI> startup_lm3s9b92_ac5_nosct.o(RESET)
</UL>
<P><STRONG><a name="[1b]"></a>ADC0SS3_Handler</STRONG> (Thumb, 2 bytes, Stack size 0 bytes, startup_lm3s9b92_ac5_nosct.o(.text))
<BR><BR>[Calls]<UL><LI><a href="#[1b]">&gt;&gt;</a>&nbsp;&nbsp;&nbsp;ADC0SS3_Handler
</UL>
<BR>[Called By]<UL><LI><a href="#[1b]">&gt;&gt;</a>&nbsp;&nbsp;&nbsp;ADC0SS3_Handler
</UL>
<BR>[Address Reference Count : 1]<UL><LI> startup_lm3s9b92_ac5_nosct.o(RESET)
</UL>
<P><STRONG><a name="[1c]"></a>WDT0_Handler</STRONG> (Thumb, 2 bytes, Stack size 0 bytes, startup_lm3s9b92_ac5_nosct.o(.text))
<BR><BR>[Calls]<UL><LI><a href="#[1c]">&gt;&gt;</a>&nbsp;&nbsp;&nbsp;WDT0_Handler
</UL>
<BR>[Called By]<UL><LI><a href="#[1c]">&gt;&gt;</a>&nbsp;&nbsp;&nbsp;WDT0_Handler
</UL>
<BR>[Address Reference Count : 1]<UL><LI> startup_lm3s9b92_ac5_nosct.o(RESET)
</UL>
<P><STRONG><a name="[1d]"></a>TIM0A_Handler</STRONG> (Thumb, 2 bytes, Stack size 0 bytes, startup_lm3s9b92_ac5_nosct.o(.text))
<BR><BR>[Calls]<UL><LI><a href="#[1d]">&gt;&gt;</a>&nbsp;&nbsp;&nbsp;TIM0A_Handler
</UL>
<BR>[Called By]<UL><LI><a href="#[1d]">&gt;&gt;</a>&nbsp;&nbsp;&nbsp;TIM0A_Handler
</UL>
<BR>[Address Reference Count : 1]<UL><LI> startup_lm3s9b92_ac5_nosct.o(RESET)
</UL>
<P><STRONG><a name="[1e]"></a>TIM0B_Handler</STRONG> (Thumb, 2 bytes, Stack size 0 bytes, startup_lm3s9b92_ac5_nosct.o(.text))
<BR><BR>[Calls]<UL><LI><a href="#[1e]">&gt;&gt;</a>&nbsp;&nbsp;&nbsp;TIM0B_Handler
</UL>
<BR>[Called By]<UL><LI><a href="#[1e]">&gt;&gt;</a>&nbsp;&nbsp;&nbsp;TIM0B_Handler
</UL>
<BR>[Address Reference Count : 1]<UL><LI> startup_lm3s9b92_ac5_nosct.o(RESET)
</UL>
<P><STRONG><a name="[1f]"></a>TIM1A_Handler</STRONG> (Thumb, 2 bytes, Stack size 0 bytes, startup_lm3s9b92_ac5_nosct.o(.text))
<BR><BR>[Calls]<UL><LI><a href="#[1f]">&gt;&gt;</a>&nbsp;&nbsp;&nbsp;TIM1A_Handler
</UL>
<BR>[Called By]<UL><LI><a href="#[1f]">&gt;&gt;</a>&nbsp;&nbsp;&nbsp;TIM1A_Handler
</UL>
<BR>[Address Reference Count : 1]<UL><LI> startup_lm3s9b92_ac5_nosct.o(RESET)
</UL>
<P><STRONG><a name="[20]"></a>TIM1B_Handler</STRONG> (Thumb, 2 bytes, Stack size 0 bytes, startup_lm3s9b92_ac5_nosct.o(.text))
<BR><BR>[Calls]<UL><LI><a href="#[20]">&gt;&gt;</a>&nbsp;&nbsp;&nbsp;TIM1B_Handler
</UL>
<BR>[Called By]<UL><LI><a href="#[20]">&gt;&gt;</a>&nbsp;&nbsp;&nbsp;TIM1B_Handler
</UL>
<BR>[Address Reference Count : 1]<UL><LI> startup_lm3s9b92_ac5_nosct.o(RESET)
</UL>
<P><STRONG><a name="[21]"></a>TIM2A_Handler</STRONG> (Thumb, 2 bytes, Stack size 0 bytes, startup_lm3s9b92_ac5_nosct.o(.text))
<BR><BR>[Calls]<UL><LI><a href="#[21]">&gt;&gt;</a>&nbsp;&nbsp;&nbsp;TIM2A_Handler
</UL>
<BR>[Called By]<UL><LI><a href="#[21]">&gt;&gt;</a>&nbsp;&nbsp;&nbsp;TIM2A_Handler
</UL>
<BR>[Address Reference Count : 1]<UL><LI> startup_lm3s9b92_ac5_nosct.o(RESET)
</UL>
<P><STRONG><a name="[22]"></a>TIM2B_Handler</STRONG> (Thumb, 2 bytes, Stack size 0 bytes, startup_lm3s9b92_ac5_nosct.o(.text))
<BR><BR>[Calls]<UL><LI><a href="#[22]">&gt;&gt;</a>&nbsp;&nbsp;&nbsp;TIM2B_Handler
</UL>
<BR>[Called By]<UL><LI><a href="#[22]">&gt;&gt;</a>&nbsp;&nbsp;&nbsp;TIM2B_Handler
</UL>
<BR>[Address Reference Count : 1]<UL><LI> startup_lm3s9b92_ac5_nosct.o(RESET)
</UL>
<P><STRONG><a name="[23]"></a>COMP0_Handler</STRONG> (Thumb, 2 bytes, Stack size 0 bytes, startup_lm3s9b92_ac5_nosct.o(.text))
<BR><BR>[Calls]<UL><LI><a href="#[23]">&gt;&gt;</a>&nbsp;&nbsp;&nbsp;COMP0_Handler
</UL>
<BR>[Called By]<UL><LI><a href="#[23]">&gt;&gt;</a>&nbsp;&nbsp;&nbsp;COMP0_Handler
</UL>
<BR>[Address Reference Count : 1]<UL><LI> startup_lm3s9b92_ac5_nosct.o(RESET)
</UL>
<P><STRONG><a name="[24]"></a>COMP1_Handler</STRONG> (Thumb, 2 bytes, Stack size 0 bytes, startup_lm3s9b92_ac5_nosct.o(.text))
<BR><BR>[Calls]<UL><LI><a href="#[24]">&gt;&gt;</a>&nbsp;&nbsp;&nbsp;COMP1_Handler
</UL>
<BR>[Called By]<UL><LI><a href="#[24]">&gt;&gt;</a>&nbsp;&nbsp;&nbsp;COMP1_Handler
</UL>
<BR>[Address Reference Count : 1]<UL><LI> startup_lm3s9b92_ac5_nosct.o(RESET)
</UL>
<P><STRONG><a name="[25]"></a>COMP2_Handler</STRONG> (Thumb, 2 bytes, Stack size 0 bytes, startup_lm3s9b92_ac5_nosct.o(.text))
<BR><BR>[Calls]<UL><LI><a href="#[25]">&gt;&gt;</a>&nbsp;&nbsp;&nbsp;COMP2_Handler
</UL>
<BR>[Called By]<UL><LI><a href="#[25]">&gt;&gt;</a>&nbsp;&nbsp;&nbsp;COMP2_Handler
</UL>
<BR>[Address Reference Count : 1]<UL><LI> startup_lm3s9b92_ac5_nosct.o(RESET)
</UL>
<P><STRONG><a name="[26]"></a>SYSCTL_Handler</STRONG> (Thumb, 2 bytes, Stack size 0 bytes, startup_lm3s9b92_ac5_nosct.o(.text))
<BR><BR>[Calls]<UL><LI><a href="#[26]">&gt;&gt;</a>&nbsp;&nbsp;&nbsp;SYSCTL_Handler
</UL>
<BR>[Called By]<UL><LI><a href="#[26]">&gt;&gt;</a>&nbsp;&nbsp;&nbsp;SYSCTL_Handler
</UL>
<BR>[Address Reference Count : 1]<UL><LI> startup_lm3s9b92_ac5_nosct.o(RESET)
</UL>
<P><STRONG><a name="[27]"></a>FLASH_Handler</STRONG> (Thumb, 2 bytes, Stack size 0 bytes, startup_lm3s9b92_ac5_nosct.o(.text))
<BR><BR>[Calls]<UL><LI><a href="#[27]">&gt;&gt;</a>&nbsp;&nbsp;&nbsp;FLASH_Handler
</UL>
<BR>[Called By]<UL><LI><a href="#[27]">&gt;&gt;</a>&nbsp;&nbsp;&nbsp;FLASH_Handler
</UL>
<BR>[Address Reference Count : 1]<UL><LI> startup_lm3s9b92_ac5_nosct.o(RESET)
</UL>
<P><STRONG><a name="[2b]"></a>UART2_Handler</STRONG> (Thumb, 2 bytes, Stack size 0 bytes, startup_lm3s9b92_ac5_nosct.o(.text))
<BR><BR>[Calls]<UL><LI><a href="#[2b]">&gt;&gt;</a>&nbsp;&nbsp;&nbsp;UART2_Handler
</UL>
<BR>[Called By]<UL><LI><a href="#[2b]">&gt;&gt;</a>&nbsp;&nbsp;&nbsp;UART2_Handler
</UL>
<BR>[Address Reference Count : 1]<UL><LI> startup_lm3s9b92_ac5_nosct.o(RESET)
</UL>
<P><STRONG><a name="[2c]"></a>SSI1_Handler</STRONG> (Thumb, 2 bytes, Stack size 0 bytes, startup_lm3s9b92_ac5_nosct.o(.text))
<BR><BR>[Calls]<UL><LI><a href="#[2c]">&gt;&gt;</a>&nbsp;&nbsp;&nbsp;SSI1_Handler
</UL>
<BR>[Called By]<UL><LI><a href="#[2c]">&gt;&gt;</a>&nbsp;&nbsp;&nbsp;SSI1_Handler
</UL>
<BR>[Address Reference Count : 1]<UL><LI> startup_lm3s9b92_ac5_nosct.o(RESET)
</UL>
<P><STRONG><a name="[2d]"></a>TIM3A_Handler</STRONG> (Thumb, 2 bytes, Stack size 0 bytes, startup_lm3s9b92_ac5_nosct.o(.text))
<BR><BR>[Calls]<UL><LI><a href="#[2d]">&gt;&gt;</a>&nbsp;&nbsp;&nbsp;TIM3A_Handler
</UL>
<BR>[Called By]<UL><LI><a href="#[2d]">&gt;&gt;</a>&nbsp;&nbsp;&nbsp;TIM3A_Handler
</UL>
<BR>[Address Reference Count : 1]<UL><LI> startup_lm3s9b92_ac5_nosct.o(RESET)
</UL>
<P><STRONG><a name="[2e]"></a>TIM3B_Handler</STRONG> (Thumb, 2 bytes, Stack size 0 bytes, startup_lm3s9b92_ac5_nosct.o(.text))
<BR><BR>[Calls]<UL><LI><a href="#[2e]">&gt;&gt;</a>&nbsp;&nbsp;&nbsp;TIM3B_Handler
</UL>
<BR>[Called By]<UL><LI><a href="#[2e]">&gt;&gt;</a>&nbsp;&nbsp;&nbsp;TIM3B_Handler
</UL>
<BR>[Address Reference Count : 1]<UL><LI> startup_lm3s9b92_ac5_nosct.o(RESET)
</UL>
<P><STRONG><a name="[2f]"></a>I2C1_Handler</STRONG> (Thumb, 2 bytes, Stack size 0 bytes, startup_lm3s9b92_ac5_nosct.o(.text))
<BR><BR>[Calls]<UL><LI><a href="#[2f]">&gt;&gt;</a>&nbsp;&nbsp;&nbsp;I2C1_Handler
</UL>
<BR>[Called By]<UL><LI><a href="#[2f]">&gt;&gt;</a>&nbsp;&nbsp;&nbsp;I2C1_Handler
</UL>
<BR>[Address Reference Count : 1]<UL><LI> startup_lm3s9b92_ac5_nosct.o(RESET)
</UL>
<P><STRONG><a name="[30]"></a>QEI1_Handler</STRONG> (Thumb, 2 bytes, Stack size 0 bytes, startup_lm3s9b92_ac5_nosct.o(.text))
<BR><BR>[Calls]<UL><LI><a href="#[30]">&gt;&gt;</a>&nbsp;&nbsp;&nbsp;QEI1_Handler
</UL>
<BR>[Called By]<UL><LI><a href="#[30]">&gt;&gt;</a>&nbsp;&nbsp;&nbsp;QEI1_Handler
</UL>
<BR>[Address Reference Count : 1]<UL><LI> startup_lm3s9b92_ac5_nosct.o(RESET)
</UL>
<P><STRONG><a name="[31]"></a>CAN0_Handler</STRONG> (Thumb, 2 bytes, Stack size 0 bytes, startup_lm3s9b92_ac5_nosct.o(.text))
<BR><BR>[Calls]<UL><LI><a href="#[31]">&gt;&gt;</a>&nbsp;&nbsp;&nbsp;CAN0_Handler
</UL>
<BR>[Called By]<UL><LI><a href="#[31]">&gt;&gt;</a>&nbsp;&nbsp;&nbsp;CAN0_Handler
</UL>
<BR>[Address Reference Count : 1]<UL><LI> startup_lm3s9b92_ac5_nosct.o(RESET)
</UL>
<P><STRONG><a name="[32]"></a>CAN1_Handler</STRONG> (Thumb, 2 bytes, Stack size 0 bytes, startup_lm3s9b92_ac5_nosct.o(.text))
<BR><BR>[Calls]<UL><LI><a href="#[32]">&gt;&gt;</a>&nbsp;&nbsp;&nbsp;CAN1_Handler
</UL>
<BR>[Called By]<UL><LI><a href="#[32]">&gt;&gt;</a>&nbsp;&nbsp;&nbsp;CAN1_Handler
</UL>
<BR>[Address Reference Count : 1]<UL><LI> startup_lm3s9b92_ac5_nosct.o(RESET)
</UL>
<P><STRONG><a name="[33]"></a>CAN2_Handler</STRONG> (Thumb, 2 bytes, Stack size 0 bytes, startup_lm3s9b92_ac5_nosct.o(.text))
<BR><BR>[Calls]<UL><LI><a href="#[33]">&gt;&gt;</a>&nbsp;&nbsp;&nbsp;CAN2_Handler
</UL>
<BR>[Called By]<UL><LI><a href="#[33]">&gt;&gt;</a>&nbsp;&nbsp;&nbsp;CAN2_Handler
</UL>
<BR>[Address Reference Count : 1]<UL><LI> startup_lm3s9b92_ac5_nosct.o(RESET)
</UL>
<P><STRONG><a name="[34]"></a>ETH0_Handler</STRONG> (Thumb, 2 bytes, Stack size 0 bytes, startup_lm3s9b92_ac5_nosct.o(.text))
<BR><BR>[Calls]<UL><LI><a href="#[34]">&gt;&gt;</a>&nbsp;&nbsp;&nbsp;ETH0_Handler
</UL>
<BR>[Called By]<UL><LI><a href="#[34]">&gt;&gt;</a>&nbsp;&nbsp;&nbsp;ETH0_Handler
</UL>
<BR>[Address Reference Count : 1]<UL><LI> startup_lm3s9b92_ac5_nosct.o(RESET)
</UL>
<P><STRONG><a name="[35]"></a>HIB_Handler</STRONG> (Thumb, 2 bytes, Stack size 0 bytes, startup_lm3s9b92_ac5_nosct.o(.text))
<BR><BR>[Calls]<UL><LI><a href="#[35]">&gt;&gt;</a>&nbsp;&nbsp;&nbsp;HIB_Handler
</UL>
<BR>[Called By]<UL><LI><a href="#[35]">&gt;&gt;</a>&nbsp;&nbsp;&nbsp;HIB_Handler
</UL>
<BR>[Address Reference Count : 1]<UL><LI> startup_lm3s9b92_ac5_nosct.o(RESET)
</UL>
<P><STRONG><a name="[36]"></a>USB0_Handler</STRONG> (Thumb, 2 bytes, Stack size 0 bytes, startup_lm3s9b92_ac5_nosct.o(.text))
<BR><BR>[Calls]<UL><LI><a href="#[36]">&gt;&gt;</a>&nbsp;&nbsp;&nbsp;USB0_Handler
</UL>
<BR>[Called By]<UL><LI><a href="#[36]">&gt;&gt;</a>&nbsp;&nbsp;&nbsp;USB0_Handler
</UL>
<BR>[Address Reference Count : 1]<UL><LI> startup_lm3s9b92_ac5_nosct.o(RESET)
</UL>
<P><STRONG><a name="[37]"></a>PWM0_3_Handler</STRONG> (Thumb, 2 bytes, Stack size 0 bytes, startup_lm3s9b92_ac5_nosct.o(.text))
<BR><BR>[Calls]<UL><LI><a href="#[37]">&gt;&gt;</a>&nbsp;&nbsp;&nbsp;PWM0_3_Handler
</UL>
<BR>[Called By]<UL><LI><a href="#[37]">&gt;&gt;</a>&nbsp;&nbsp;&nbsp;PWM0_3_Handler
</UL>
<BR>[Address Reference Count : 1]<UL><LI> startup_lm3s9b92_ac5_nosct.o(RESET)
</UL>
<P><STRONG><a name="[38]"></a>UDMA_Handler</STRONG> (Thumb, 2 bytes, Stack size 0 bytes, startup_lm3s9b92_ac5_nosct.o(.text))
<BR><BR>[Calls]<UL><LI><a href="#[38]">&gt;&gt;</a>&nbsp;&nbsp;&nbsp;UDMA_Handler
</UL>
<BR>[Called By]<UL><LI><a href="#[38]">&gt;&gt;</a>&nbsp;&nbsp;&nbsp;UDMA_Handler
</UL>
<BR>[Address Reference Count : 1]<UL><LI> startup_lm3s9b92_ac5_nosct.o(RESET)
</UL>
<P><STRONG><a name="[39]"></a>UDMAError_Handler</STRONG> (Thumb, 2 bytes, Stack size 0 bytes, startup_lm3s9b92_ac5_nosct.o(.text))
<BR><BR>[Calls]<UL><LI><a href="#[39]">&gt;&gt;</a>&nbsp;&nbsp;&nbsp;UDMAError_Handler
</UL>
<BR>[Called By]<UL><LI><a href="#[39]">&gt;&gt;</a>&nbsp;&nbsp;&nbsp;UDMAError_Handler
</UL>
<BR>[Address Reference Count : 1]<UL><LI> startup_lm3s9b92_ac5_nosct.o(RESET)
</UL>
<P><STRONG><a name="[3a]"></a>ADC1SS0_Handler</STRONG> (Thumb, 2 bytes, Stack size 0 bytes, startup_lm3s9b92_ac5_nosct.o(.text))
<BR><BR>[Calls]<UL><LI><a href="#[3a]">&gt;&gt;</a>&nbsp;&nbsp;&nbsp;ADC1SS0_Handler
</UL>
<BR>[Called By]<UL><LI><a href="#[3a]">&gt;&gt;</a>&nbsp;&nbsp;&nbsp;ADC1SS0_Handler
</UL>
<BR>[Address Reference Count : 1]<UL><LI> startup_lm3s9b92_ac5_nosct.o(RESET)
</UL>
<P><STRONG><a name="[3b]"></a>ADC1SS1_Handler</STRONG> (Thumb, 2 bytes, Stack size 0 bytes, startup_lm3s9b92_ac5_nosct.o(.text))
<BR><BR>[Calls]<UL><LI><a href="#[3b]">&gt;&gt;</a>&nbsp;&nbsp;&nbsp;ADC1SS1_Handler
</UL>
<BR>[Called By]<UL><LI><a href="#[3b]">&gt;&gt;</a>&nbsp;&nbsp;&nbsp;ADC1SS1_Handler
</UL>
<BR>[Address Reference Count : 1]<UL><LI> startup_lm3s9b92_ac5_nosct.o(RESET)
</UL>
<P><STRONG><a name="[3c]"></a>ADC1SS2_Handler</STRONG> (Thumb, 2 bytes, Stack size 0 bytes, startup_lm3s9b92_ac5_nosct.o(.text))
<BR><BR>[Calls]<UL><LI><a href="#[3c]">&gt;&gt;</a>&nbsp;&nbsp;&nbsp;ADC1SS2_Handler
</UL>
<BR>[Called By]<UL><LI><a href="#[3c]">&gt;&gt;</a>&nbsp;&nbsp;&nbsp;ADC1SS2_Handler
</UL>
<BR>[Address Reference Count : 1]<UL><LI> startup_lm3s9b92_ac5_nosct.o(RESET)
</UL>
<P><STRONG><a name="[3d]"></a>ADC1SS3_Handler</STRONG> (Thumb, 2 bytes, Stack size 0 bytes, startup_lm3s9b92_ac5_nosct.o(.text))
<BR><BR>[Calls]<UL><LI><a href="#[3d]">&gt;&gt;</a>&nbsp;&nbsp;&nbsp;ADC1SS3_Handler
</UL>
<BR>[Called By]<UL><LI><a href="#[3d]">&gt;&gt;</a>&nbsp;&nbsp;&nbsp;ADC1SS3_Handler
</UL>
<BR>[Address Reference Count : 1]<UL><LI> startup_lm3s9b92_ac5_nosct.o(RESET)
</UL>
<P><STRONG><a name="[3e]"></a>I2S0_Handler</STRONG> (Thumb, 2 bytes, Stack size 0 bytes, startup_lm3s9b92_ac5_nosct.o(.text))
<BR><BR>[Calls]<UL><LI><a href="#[3e]">&gt;&gt;</a>&nbsp;&nbsp;&nbsp;I2S0_Handler
</UL>
<BR>[Called By]<UL><LI><a href="#[3e]">&gt;&gt;</a>&nbsp;&nbsp;&nbsp;I2S0_Handler
</UL>
<BR>[Address Reference Count : 1]<UL><LI> startup_lm3s9b92_ac5_nosct.o(RESET)
</UL>
<P><STRONG><a name="[3f]"></a>EPI0_Handler</STRONG> (Thumb, 2 bytes, Stack size 0 bytes, startup_lm3s9b92_ac5_nosct.o(.text))
<BR><BR>[Calls]<UL><LI><a href="#[3f]">&gt;&gt;</a>&nbsp;&nbsp;&nbsp;EPI0_Handler
</UL>
<BR>[Called By]<UL><LI><a href="#[3f]">&gt;&gt;</a>&nbsp;&nbsp;&nbsp;EPI0_Handler
</UL>
<BR>[Address Reference Count : 1]<UL><LI> startup_lm3s9b92_ac5_nosct.o(RESET)
</UL>
<P><STRONG><a name="[6]"></a>SVC_Handler</STRONG> (Thumb, 146 bytes, Stack size unknown bytes, irq_armv7m.o(.text))
<BR><BR>[Stack]<UL><LI>Max Depth = 176 + Unknown Stack Size
<LI>Call Chain = SVC_Handler &rArr; osRtxKernelErrorNotify &rArr; EvrRtxKernelErrorNotify &rArr; EventRecord2 &rArr; EventGetTS &rArr; EventRecorderTimerGetCount &rArr; osKernelGetSysTimerCount &rArr; svcRtxKernelGetSysTimerCount &rArr; OS_Tick_GetCount
</UL>
<BR>[Calls]<UL><LI><a href="#[80]">&gt;&gt;</a>&nbsp;&nbsp;&nbsp;osRtxKernelErrorNotify
<LI><a href="#[7f]">&gt;&gt;</a>&nbsp;&nbsp;&nbsp;osRtxThreadStackCheck
</UL>
<BR>[Address Reference Count : 1]<UL><LI> startup_lm3s9b92_ac5_nosct.o(RESET)
</UL>
<P><STRONG><a name="[8]"></a>PendSV_Handler</STRONG> (Thumb, 16 bytes, Stack size unknown bytes, irq_armv7m.o(.text))
<BR><BR>[Stack]<UL><LI>Max Depth = 256 + Unknown Stack Size
<LI>Call Chain = PendSV_Handler &rArr; osRtxPendSV_Handler &rArr; osRtxThreadDispatch &rArr; osRtxThreadBlock &rArr; EvrRtxThreadPreempted &rArr; EventRecord2 &rArr; EventGetTS &rArr; EventRecorderTimerGetCount &rArr; osKernelGetSysTimerCount &rArr; svcRtxKernelGetSysTimerCount &rArr; OS_Tick_GetCount
</UL>
<BR>[Calls]<UL><LI><a href="#[81]">&gt;&gt;</a>&nbsp;&nbsp;&nbsp;osRtxPendSV_Handler
</UL>
<BR>[Address Reference Count : 1]<UL><LI> startup_lm3s9b92_ac5_nosct.o(RESET)
</UL>
<P><STRONG><a name="[9]"></a>SysTick_Handler</STRONG> (Thumb, 16 bytes, Stack size unknown bytes, irq_armv7m.o(.text))
<BR><BR>[Stack]<UL><LI>Max Depth = 240 + Unknown Stack Size
<LI>Call Chain = SysTick_Handler &rArr; osRtxTick_Handler &rArr; osRtxThreadDispatch &rArr; osRtxThreadBlock &rArr; EvrRtxThreadPreempted &rArr; EventRecord2 &rArr; EventGetTS &rArr; EventRecorderTimerGetCount &rArr; osKernelGetSysTimerCount &rArr; svcRtxKernelGetSysTimerCount &rArr; OS_Tick_GetCount
</UL>
<BR>[Calls]<UL><LI><a href="#[82]">&gt;&gt;</a>&nbsp;&nbsp;&nbsp;osRtxTick_Handler
</UL>
<BR>[Address Reference Count : 2]<UL><LI> startup_lm3s9b92_ac5_nosct.o(RESET)
<LI> rtx_kernel.o(.text.svcRtxKernelStart)
</UL>
<P><STRONG><a name="[9d]"></a>__aeabi_memcpy</STRONG> (Thumb, 36 bytes, Stack size 0 bytes, memcpya.o(.text))
<BR><BR>[Called By]<UL><LI><a href="#[4c]">&gt;&gt;</a>&nbsp;&nbsp;&nbsp;svcRtxMessageQueueGet
<LI><a href="#[ff]">&gt;&gt;</a>&nbsp;&nbsp;&nbsp;isrRtxMessageQueueGet
<LI><a href="#[4d]">&gt;&gt;</a>&nbsp;&nbsp;&nbsp;svcRtxMessageQueuePut
<LI><a href="#[104]">&gt;&gt;</a>&nbsp;&nbsp;&nbsp;isrRtxMessageQueuePut
<LI><a href="#[52]">&gt;&gt;</a>&nbsp;&nbsp;&nbsp;osRtxMessageQueuePostProcess
<LI><a href="#[9c]">&gt;&gt;</a>&nbsp;&nbsp;&nbsp;EventRecordData
</UL>

<P><STRONG><a name="[170]"></a>__aeabi_memcpy4</STRONG> (Thumb, 0 bytes, Stack size 0 bytes, memcpya.o(.text), UNUSED)

<P><STRONG><a name="[171]"></a>__aeabi_memcpy8</STRONG> (Thumb, 0 bytes, Stack size 0 bytes, memcpya.o(.text), UNUSED)

<P><STRONG><a name="[84]"></a>__aeabi_memset</STRONG> (Thumb, 14 bytes, Stack size 0 bytes, memseta.o(.text))
<BR><BR>[Called By]<UL><LI><a href="#[85]">&gt;&gt;</a>&nbsp;&nbsp;&nbsp;_memset$wrapper
<LI><a href="#[83]">&gt;&gt;</a>&nbsp;&nbsp;&nbsp;__aeabi_memclr
</UL>

<P><STRONG><a name="[172]"></a>__aeabi_memset4</STRONG> (Thumb, 0 bytes, Stack size 0 bytes, memseta.o(.text), UNUSED)

<P><STRONG><a name="[173]"></a>__aeabi_memset8</STRONG> (Thumb, 0 bytes, Stack size 0 bytes, memseta.o(.text), UNUSED)

<P><STRONG><a name="[83]"></a>__aeabi_memclr</STRONG> (Thumb, 4 bytes, Stack size 0 bytes, memseta.o(.text))
<BR><BR>[Calls]<UL><LI><a href="#[84]">&gt;&gt;</a>&nbsp;&nbsp;&nbsp;__aeabi_memset
</UL>
<BR>[Called By]<UL><LI><a href="#[12b]">&gt;&gt;</a>&nbsp;&nbsp;&nbsp;svcRtxMessageQueueNew
</UL>

<P><STRONG><a name="[a4]"></a>__aeabi_memclr4</STRONG> (Thumb, 0 bytes, Stack size 0 bytes, memseta.o(.text))
<BR><BR>[Called By]<UL><LI><a href="#[a3]">&gt;&gt;</a>&nbsp;&nbsp;&nbsp;EventRecorderInitialize
<LI><a href="#[4a]">&gt;&gt;</a>&nbsp;&nbsp;&nbsp;svcRtxKernelInitialize
</UL>

<P><STRONG><a name="[a6]"></a>__aeabi_memclr8</STRONG> (Thumb, 0 bytes, Stack size 0 bytes, memseta.o(.text))
<BR><BR>[Called By]<UL><LI><a href="#[a3]">&gt;&gt;</a>&nbsp;&nbsp;&nbsp;EventRecorderInitialize
</UL>

<P><STRONG><a name="[85]"></a>_memset$wrapper</STRONG> (Thumb, 18 bytes, Stack size 8 bytes, memseta.o(.text), UNUSED)
<BR><BR>[Calls]<UL><LI><a href="#[84]">&gt;&gt;</a>&nbsp;&nbsp;&nbsp;__aeabi_memset
</UL>

<P><STRONG><a name="[10f]"></a>strrchr</STRONG> (Thumb, 22 bytes, Stack size 0 bytes, strrchr.o(.text))
<BR><BR>[Called By]<UL><LI><a href="#[10e]">&gt;&gt;</a>&nbsp;&nbsp;&nbsp;no_path
</UL>

<P><STRONG><a name="[174]"></a>__aeabi_uidiv</STRONG> (Thumb, 0 bytes, Stack size 12 bytes, uidiv.o(.text), UNUSED)

<P><STRONG><a name="[169]"></a>__aeabi_uidivmod</STRONG> (Thumb, 44 bytes, Stack size 12 bytes, uidiv.o(.text), UNUSED)
<BR><BR>[Called By]<UL><LI><a href="#[164]">&gt;&gt;</a>&nbsp;&nbsp;&nbsp;_printf_core
</UL>

<P><STRONG><a name="[86]"></a>__aeabi_uldivmod</STRONG> (Thumb, 98 bytes, Stack size 40 bytes, uldiv.o(.text), UNUSED)
<BR><BR>[Calls]<UL><LI><a href="#[87]">&gt;&gt;</a>&nbsp;&nbsp;&nbsp;__aeabi_llsr
<LI><a href="#[88]">&gt;&gt;</a>&nbsp;&nbsp;&nbsp;__aeabi_llsl
</UL>
<BR>[Called By]<UL><LI><a href="#[164]">&gt;&gt;</a>&nbsp;&nbsp;&nbsp;_printf_core
<LI><a href="#[165]">&gt;&gt;</a>&nbsp;&nbsp;&nbsp;_fp_digits
</UL>

<P><STRONG><a name="[175]"></a>__I$use$fp</STRONG> (Thumb, 0 bytes, Stack size 48 bytes, iusefp.o(.text), UNUSED)

<P><STRONG><a name="[89]"></a>__aeabi_dadd</STRONG> (Thumb, 322 bytes, Stack size 48 bytes, dadd.o(.text), UNUSED)
<BR><BR>[Calls]<UL><LI><a href="#[8a]">&gt;&gt;</a>&nbsp;&nbsp;&nbsp;__aeabi_lasr
<LI><a href="#[88]">&gt;&gt;</a>&nbsp;&nbsp;&nbsp;__aeabi_llsl
<LI><a href="#[8c]">&gt;&gt;</a>&nbsp;&nbsp;&nbsp;_double_round
<LI><a href="#[8b]">&gt;&gt;</a>&nbsp;&nbsp;&nbsp;_double_epilogue
</UL>
<BR>[Called By]<UL><LI><a href="#[8e]">&gt;&gt;</a>&nbsp;&nbsp;&nbsp;__aeabi_drsub
<LI><a href="#[8d]">&gt;&gt;</a>&nbsp;&nbsp;&nbsp;__aeabi_dsub
<LI><a href="#[165]">&gt;&gt;</a>&nbsp;&nbsp;&nbsp;_fp_digits
</UL>

<P><STRONG><a name="[8d]"></a>__aeabi_dsub</STRONG> (Thumb, 6 bytes, Stack size 0 bytes, dadd.o(.text), UNUSED)
<BR><BR>[Calls]<UL><LI><a href="#[89]">&gt;&gt;</a>&nbsp;&nbsp;&nbsp;__aeabi_dadd
</UL>

<P><STRONG><a name="[8e]"></a>__aeabi_drsub</STRONG> (Thumb, 6 bytes, Stack size 0 bytes, dadd.o(.text), UNUSED)
<BR><BR>[Calls]<UL><LI><a href="#[89]">&gt;&gt;</a>&nbsp;&nbsp;&nbsp;__aeabi_dadd
</UL>

<P><STRONG><a name="[8f]"></a>__aeabi_dmul</STRONG> (Thumb, 228 bytes, Stack size 48 bytes, dmul.o(.text), UNUSED)
<BR><BR>[Calls]<UL><LI><a href="#[8b]">&gt;&gt;</a>&nbsp;&nbsp;&nbsp;_double_epilogue
</UL>
<BR>[Called By]<UL><LI><a href="#[165]">&gt;&gt;</a>&nbsp;&nbsp;&nbsp;_fp_digits
</UL>

<P><STRONG><a name="[90]"></a>__aeabi_ddiv</STRONG> (Thumb, 222 bytes, Stack size 32 bytes, ddiv.o(.text), UNUSED)
<BR><BR>[Calls]<UL><LI><a href="#[8c]">&gt;&gt;</a>&nbsp;&nbsp;&nbsp;_double_round
</UL>
<BR>[Called By]<UL><LI><a href="#[165]">&gt;&gt;</a>&nbsp;&nbsp;&nbsp;_fp_digits
</UL>

<P><STRONG><a name="[91]"></a>__aeabi_d2ulz</STRONG> (Thumb, 48 bytes, Stack size 0 bytes, dfixul.o(.text), UNUSED)
<BR><BR>[Calls]<UL><LI><a href="#[87]">&gt;&gt;</a>&nbsp;&nbsp;&nbsp;__aeabi_llsr
<LI><a href="#[88]">&gt;&gt;</a>&nbsp;&nbsp;&nbsp;__aeabi_llsl
</UL>
<BR>[Called By]<UL><LI><a href="#[165]">&gt;&gt;</a>&nbsp;&nbsp;&nbsp;_fp_digits
</UL>

<P><STRONG><a name="[166]"></a>__aeabi_cdrcmple</STRONG> (Thumb, 48 bytes, Stack size 0 bytes, cdrcmple.o(.text), UNUSED)
<BR><BR>[Called By]<UL><LI><a href="#[165]">&gt;&gt;</a>&nbsp;&nbsp;&nbsp;_fp_digits
</UL>

<P><STRONG><a name="[7e]"></a>__scatterload</STRONG> (Thumb, 38 bytes, Stack size 0 bytes, init.o(.text))
<BR><BR>[Calls]<UL><LI><a href="#[92]">&gt;&gt;</a>&nbsp;&nbsp;&nbsp;__main_after_scatterload
</UL>
<BR>[Called By]<UL><LI><a href="#[7d]">&gt;&gt;</a>&nbsp;&nbsp;&nbsp;_main_scatterload
</UL>

<P><STRONG><a name="[176]"></a>__scatterload_rt2</STRONG> (Thumb, 0 bytes, Stack size 0 bytes, init.o(.text), UNUSED)

<P><STRONG><a name="[88]"></a>__aeabi_llsl</STRONG> (Thumb, 30 bytes, Stack size 0 bytes, llshl.o(.text), UNUSED)
<BR><BR>[Called By]<UL><LI><a href="#[8b]">&gt;&gt;</a>&nbsp;&nbsp;&nbsp;_double_epilogue
<LI><a href="#[86]">&gt;&gt;</a>&nbsp;&nbsp;&nbsp;__aeabi_uldivmod
<LI><a href="#[89]">&gt;&gt;</a>&nbsp;&nbsp;&nbsp;__aeabi_dadd
<LI><a href="#[91]">&gt;&gt;</a>&nbsp;&nbsp;&nbsp;__aeabi_d2ulz
</UL>

<P><STRONG><a name="[177]"></a>_ll_shift_l</STRONG> (Thumb, 0 bytes, Stack size 0 bytes, llshl.o(.text), UNUSED)

<P><STRONG><a name="[87]"></a>__aeabi_llsr</STRONG> (Thumb, 32 bytes, Stack size 0 bytes, llushr.o(.text), UNUSED)
<BR><BR>[Called By]<UL><LI><a href="#[8b]">&gt;&gt;</a>&nbsp;&nbsp;&nbsp;_double_epilogue
<LI><a href="#[86]">&gt;&gt;</a>&nbsp;&nbsp;&nbsp;__aeabi_uldivmod
<LI><a href="#[91]">&gt;&gt;</a>&nbsp;&nbsp;&nbsp;__aeabi_d2ulz
</UL>

<P><STRONG><a name="[178]"></a>_ll_ushift_r</STRONG> (Thumb, 0 bytes, Stack size 0 bytes, llushr.o(.text), UNUSED)

<P><STRONG><a name="[8a]"></a>__aeabi_lasr</STRONG> (Thumb, 36 bytes, Stack size 0 bytes, llsshr.o(.text), UNUSED)
<BR><BR>[Called By]<UL><LI><a href="#[89]">&gt;&gt;</a>&nbsp;&nbsp;&nbsp;__aeabi_dadd
</UL>

<P><STRONG><a name="[179]"></a>_ll_sshift_r</STRONG> (Thumb, 0 bytes, Stack size 0 bytes, llsshr.o(.text), UNUSED)

<P><STRONG><a name="[8c]"></a>_double_round</STRONG> (Thumb, 30 bytes, Stack size 8 bytes, depilogue.o(.text), UNUSED)
<BR><BR>[Called By]<UL><LI><a href="#[8b]">&gt;&gt;</a>&nbsp;&nbsp;&nbsp;_double_epilogue
<LI><a href="#[90]">&gt;&gt;</a>&nbsp;&nbsp;&nbsp;__aeabi_ddiv
<LI><a href="#[89]">&gt;&gt;</a>&nbsp;&nbsp;&nbsp;__aeabi_dadd
</UL>

<P><STRONG><a name="[8b]"></a>_double_epilogue</STRONG> (Thumb, 156 bytes, Stack size 32 bytes, depilogue.o(.text), UNUSED)
<BR><BR>[Calls]<UL><LI><a href="#[87]">&gt;&gt;</a>&nbsp;&nbsp;&nbsp;__aeabi_llsr
<LI><a href="#[88]">&gt;&gt;</a>&nbsp;&nbsp;&nbsp;__aeabi_llsl
<LI><a href="#[8c]">&gt;&gt;</a>&nbsp;&nbsp;&nbsp;_double_round
</UL>
<BR>[Called By]<UL><LI><a href="#[8f]">&gt;&gt;</a>&nbsp;&nbsp;&nbsp;__aeabi_dmul
<LI><a href="#[89]">&gt;&gt;</a>&nbsp;&nbsp;&nbsp;__aeabi_dadd
</UL>

<P><STRONG><a name="[97]"></a>EventRecord2</STRONG> (Thumb, 90 bytes, Stack size 40 bytes, eventrecorder.o(.text.EventRecord2))
<BR><BR>[Stack]<UL><LI>Max Depth = 144<LI>Call Chain = EventRecord2 &rArr; EventGetTS &rArr; EventRecorderTimerGetCount &rArr; osKernelGetSysTimerCount &rArr; svcRtxKernelGetSysTimerCount &rArr; OS_Tick_GetCount
</UL>
<BR>[Calls]<UL><LI><a href="#[98]">&gt;&gt;</a>&nbsp;&nbsp;&nbsp;EventCheckFilter
<LI><a href="#[99]">&gt;&gt;</a>&nbsp;&nbsp;&nbsp;EventRecordItem
<LI><a href="#[94]">&gt;&gt;</a>&nbsp;&nbsp;&nbsp;EventGetTS
</UL>
<BR>[Called By]<UL><LI><a href="#[b0]">&gt;&gt;</a>&nbsp;&nbsp;&nbsp;EvrRtxEventFlagsWaitTimeout
<LI><a href="#[af]">&gt;&gt;</a>&nbsp;&nbsp;&nbsp;EvrRtxDelayStarted
<LI><a href="#[ae]">&gt;&gt;</a>&nbsp;&nbsp;&nbsp;EvrRtxDelayError
<LI><a href="#[ac]">&gt;&gt;</a>&nbsp;&nbsp;&nbsp;EvrRtxDelay
<LI><a href="#[c6]">&gt;&gt;</a>&nbsp;&nbsp;&nbsp;EvrRtxMessageQueueNotRetrieved
<LI><a href="#[ca]">&gt;&gt;</a>&nbsp;&nbsp;&nbsp;EvrRtxMessageQueueRetrieved
<LI><a href="#[c2]">&gt;&gt;</a>&nbsp;&nbsp;&nbsp;EvrRtxMessageQueueGetTimeout
<LI><a href="#[c5]">&gt;&gt;</a>&nbsp;&nbsp;&nbsp;EvrRtxMessageQueueNotInserted
<LI><a href="#[c4]">&gt;&gt;</a>&nbsp;&nbsp;&nbsp;EvrRtxMessageQueueInserted
<LI><a href="#[c3]">&gt;&gt;</a>&nbsp;&nbsp;&nbsp;EvrRtxMessageQueueInsertPending
<LI><a href="#[c9]">&gt;&gt;</a>&nbsp;&nbsp;&nbsp;EvrRtxMessageQueuePutTimeout
<LI><a href="#[be]">&gt;&gt;</a>&nbsp;&nbsp;&nbsp;EvrRtxMessageQueueCreated
<LI><a href="#[bf]">&gt;&gt;</a>&nbsp;&nbsp;&nbsp;EvrRtxMessageQueueError
<LI><a href="#[bd]">&gt;&gt;</a>&nbsp;&nbsp;&nbsp;EvrRtxMemoryPoolAllocTimeout
<LI><a href="#[ce]">&gt;&gt;</a>&nbsp;&nbsp;&nbsp;EvrRtxSemaphoreAcquireTimeout
<LI><a href="#[cd]">&gt;&gt;</a>&nbsp;&nbsp;&nbsp;EvrRtxMutexReleased
<LI><a href="#[cc]">&gt;&gt;</a>&nbsp;&nbsp;&nbsp;EvrRtxMutexAcquired
<LI><a href="#[cb]">&gt;&gt;</a>&nbsp;&nbsp;&nbsp;EvrRtxMutexAcquireTimeout
<LI><a href="#[db]">&gt;&gt;</a>&nbsp;&nbsp;&nbsp;EvrRtxTimerCallback
<LI><a href="#[ad]">&gt;&gt;</a>&nbsp;&nbsp;&nbsp;EvrRtxDelayCompleted
<LI><a href="#[d5]">&gt;&gt;</a>&nbsp;&nbsp;&nbsp;EvrRtxThreadFlagsWaitTimeout
<LI><a href="#[d1]">&gt;&gt;</a>&nbsp;&nbsp;&nbsp;EvrRtxThreadDestroyed
<LI><a href="#[d3]">&gt;&gt;</a>&nbsp;&nbsp;&nbsp;EvrRtxThreadExit
<LI><a href="#[d9]">&gt;&gt;</a>&nbsp;&nbsp;&nbsp;EvrRtxThreadSwitched
<LI><a href="#[d8]">&gt;&gt;</a>&nbsp;&nbsp;&nbsp;EvrRtxThreadPreempted
<LI><a href="#[da]">&gt;&gt;</a>&nbsp;&nbsp;&nbsp;EvrRtxThreadUnblocked
<LI><a href="#[cf]">&gt;&gt;</a>&nbsp;&nbsp;&nbsp;EvrRtxThreadBlocked
<LI><a href="#[d6]">&gt;&gt;</a>&nbsp;&nbsp;&nbsp;EvrRtxThreadJoined
<LI><a href="#[d0]">&gt;&gt;</a>&nbsp;&nbsp;&nbsp;EvrRtxThreadCreated
<LI><a href="#[d2]">&gt;&gt;</a>&nbsp;&nbsp;&nbsp;EvrRtxThreadError
<LI><a href="#[b2]">&gt;&gt;</a>&nbsp;&nbsp;&nbsp;EvrRtxKernelErrorNotify
<LI><a href="#[b6]">&gt;&gt;</a>&nbsp;&nbsp;&nbsp;EvrRtxKernelStarted
<LI><a href="#[b5]">&gt;&gt;</a>&nbsp;&nbsp;&nbsp;EvrRtxKernelStart
<LI><a href="#[b4]">&gt;&gt;</a>&nbsp;&nbsp;&nbsp;EvrRtxKernelInitialized
<LI><a href="#[b3]">&gt;&gt;</a>&nbsp;&nbsp;&nbsp;EvrRtxKernelInitialize
<LI><a href="#[b1]">&gt;&gt;</a>&nbsp;&nbsp;&nbsp;EvrRtxKernelError
<LI><a href="#[b8]">&gt;&gt;</a>&nbsp;&nbsp;&nbsp;EvrRtxMemoryBlockAlloc
</UL>

<P><STRONG><a name="[9a]"></a>EventRecord4</STRONG> (Thumb, 150 bytes, Stack size 48 bytes, eventrecorder.o(.text.EventRecord4))
<BR><BR>[Stack]<UL><LI>Max Depth = 152<LI>Call Chain = EventRecord4 &rArr; EventGetTS &rArr; EventRecorderTimerGetCount &rArr; osKernelGetSysTimerCount &rArr; svcRtxKernelGetSysTimerCount &rArr; OS_Tick_GetCount
</UL>
<BR>[Calls]<UL><LI><a href="#[9b]">&gt;&gt;</a>&nbsp;&nbsp;&nbsp;GetContext
<LI><a href="#[98]">&gt;&gt;</a>&nbsp;&nbsp;&nbsp;EventCheckFilter
<LI><a href="#[99]">&gt;&gt;</a>&nbsp;&nbsp;&nbsp;EventRecordItem
<LI><a href="#[94]">&gt;&gt;</a>&nbsp;&nbsp;&nbsp;EventGetTS
</UL>
<BR>[Called By]<UL><LI><a href="#[c1]">&gt;&gt;</a>&nbsp;&nbsp;&nbsp;EvrRtxMessageQueueGetPending
<LI><a href="#[c0]">&gt;&gt;</a>&nbsp;&nbsp;&nbsp;EvrRtxMessageQueueGet
<LI><a href="#[c8]">&gt;&gt;</a>&nbsp;&nbsp;&nbsp;EvrRtxMessageQueuePutPending
<LI><a href="#[c7]">&gt;&gt;</a>&nbsp;&nbsp;&nbsp;EvrRtxMessageQueuePut
<LI><a href="#[d4]">&gt;&gt;</a>&nbsp;&nbsp;&nbsp;EvrRtxThreadFlagsWaitCompleted
<LI><a href="#[d7]">&gt;&gt;</a>&nbsp;&nbsp;&nbsp;EvrRtxThreadNew
<LI><a href="#[b9]">&gt;&gt;</a>&nbsp;&nbsp;&nbsp;EvrRtxMemoryBlockFree
<LI><a href="#[ba]">&gt;&gt;</a>&nbsp;&nbsp;&nbsp;EvrRtxMemoryBlockInit
<LI><a href="#[bb]">&gt;&gt;</a>&nbsp;&nbsp;&nbsp;EvrRtxMemoryFree
<LI><a href="#[b7]">&gt;&gt;</a>&nbsp;&nbsp;&nbsp;EvrRtxMemoryAlloc
<LI><a href="#[bc]">&gt;&gt;</a>&nbsp;&nbsp;&nbsp;EvrRtxMemoryInit
</UL>

<P><STRONG><a name="[9c]"></a>EventRecordData</STRONG> (Thumb, 390 bytes, Stack size 56 bytes, eventrecorder.o(.text.EventRecordData))
<BR><BR>[Stack]<UL><LI>Max Depth = 160<LI>Call Chain = EventRecordData &rArr; EventGetTS &rArr; EventRecorderTimerGetCount &rArr; osKernelGetSysTimerCount &rArr; svcRtxKernelGetSysTimerCount &rArr; OS_Tick_GetCount
</UL>
<BR>[Calls]<UL><LI><a href="#[9d]">&gt;&gt;</a>&nbsp;&nbsp;&nbsp;__aeabi_memcpy
<LI><a href="#[9b]">&gt;&gt;</a>&nbsp;&nbsp;&nbsp;GetContext
<LI><a href="#[98]">&gt;&gt;</a>&nbsp;&nbsp;&nbsp;EventCheckFilter
<LI><a href="#[99]">&gt;&gt;</a>&nbsp;&nbsp;&nbsp;EventRecordItem
<LI><a href="#[94]">&gt;&gt;</a>&nbsp;&nbsp;&nbsp;EventGetTS
</UL>
<BR>[Called By]<UL><LI><a href="#[fe]">&gt;&gt;</a>&nbsp;&nbsp;&nbsp;stdout_putchar
</UL>

<P><STRONG><a name="[fd]"></a>EventRecorderDisable</STRONG> (Thumb, 146 bytes, Stack size 28 bytes, eventrecorder.o(.text.EventRecorderDisable))
<BR><BR>[Stack]<UL><LI>Max Depth = 28<LI>Call Chain = EventRecorderDisable
</UL>
<BR>[Called By]<UL><LI><a href="#[fc]">&gt;&gt;</a>&nbsp;&nbsp;&nbsp;evr_initialize
</UL>

<P><STRONG><a name="[a8]"></a>EventRecorderEnable</STRONG> (Thumb, 146 bytes, Stack size 28 bytes, eventrecorder.o(.text.EventRecorderEnable))
<BR><BR>[Stack]<UL><LI>Max Depth = 28<LI>Call Chain = EventRecorderEnable
</UL>
<BR>[Called By]<UL><LI><a href="#[a3]">&gt;&gt;</a>&nbsp;&nbsp;&nbsp;EventRecorderInitialize
<LI><a href="#[fc]">&gt;&gt;</a>&nbsp;&nbsp;&nbsp;evr_initialize
</UL>

<P><STRONG><a name="[a3]"></a>EventRecorderInitialize</STRONG> (Thumb, 490 bytes, Stack size 48 bytes, eventrecorder.o(.text.EventRecorderInitialize))
<BR><BR>[Stack]<UL><LI>Max Depth = 176<LI>Call Chain = EventRecorderInitialize &rArr; EventRecorderStart &rArr; EventGetTS &rArr; EventRecorderTimerGetCount &rArr; osKernelGetSysTimerCount &rArr; svcRtxKernelGetSysTimerCount &rArr; OS_Tick_GetCount
</UL>
<BR>[Calls]<UL><LI><a href="#[a8]">&gt;&gt;</a>&nbsp;&nbsp;&nbsp;EventRecorderEnable
<LI><a href="#[a6]">&gt;&gt;</a>&nbsp;&nbsp;&nbsp;__aeabi_memclr8
<LI><a href="#[a4]">&gt;&gt;</a>&nbsp;&nbsp;&nbsp;__aeabi_memclr4
<LI><a href="#[a9]">&gt;&gt;</a>&nbsp;&nbsp;&nbsp;EventRecorderStart
<LI><a href="#[a7]">&gt;&gt;</a>&nbsp;&nbsp;&nbsp;EventRecorderTimerSetup
<LI><a href="#[99]">&gt;&gt;</a>&nbsp;&nbsp;&nbsp;EventRecordItem
<LI><a href="#[94]">&gt;&gt;</a>&nbsp;&nbsp;&nbsp;EventGetTS
<LI><a href="#[a5]">&gt;&gt;</a>&nbsp;&nbsp;&nbsp;crc16_ccitt
</UL>
<BR>[Called By]<UL><LI><a href="#[41]">&gt;&gt;</a>&nbsp;&nbsp;&nbsp;main
<LI><a href="#[fc]">&gt;&gt;</a>&nbsp;&nbsp;&nbsp;evr_initialize
</UL>

<P><STRONG><a name="[a9]"></a>EventRecorderStart</STRONG> (Thumb, 74 bytes, Stack size 24 bytes, eventrecorder.o(.text.EventRecorderStart))
<BR><BR>[Stack]<UL><LI>Max Depth = 128<LI>Call Chain = EventRecorderStart &rArr; EventGetTS &rArr; EventRecorderTimerGetCount &rArr; osKernelGetSysTimerCount &rArr; svcRtxKernelGetSysTimerCount &rArr; OS_Tick_GetCount
</UL>
<BR>[Calls]<UL><LI><a href="#[99]">&gt;&gt;</a>&nbsp;&nbsp;&nbsp;EventRecordItem
<LI><a href="#[94]">&gt;&gt;</a>&nbsp;&nbsp;&nbsp;EventGetTS
</UL>
<BR>[Called By]<UL><LI><a href="#[a3]">&gt;&gt;</a>&nbsp;&nbsp;&nbsp;EventRecorderInitialize
</UL>

<P><STRONG><a name="[95]"></a>EventRecorderTimerGetCount</STRONG> (Thumb, 32 bytes, Stack size 16 bytes, eventrecorder.o(.text.EventRecorderTimerGetCount))
<BR><BR>[Stack]<UL><LI>Max Depth = 72<LI>Call Chain = EventRecorderTimerGetCount &rArr; osKernelGetSysTimerCount &rArr; svcRtxKernelGetSysTimerCount &rArr; OS_Tick_GetCount
</UL>
<BR>[Calls]<UL><LI><a href="#[ab]">&gt;&gt;</a>&nbsp;&nbsp;&nbsp;osKernelGetSysTimerCount
<LI><a href="#[aa]">&gt;&gt;</a>&nbsp;&nbsp;&nbsp;SysTimerIsRunning
</UL>
<BR>[Called By]<UL><LI><a href="#[94]">&gt;&gt;</a>&nbsp;&nbsp;&nbsp;EventGetTS
</UL>

<P><STRONG><a name="[a7]"></a>EventRecorderTimerSetup</STRONG> (Thumb, 16 bytes, Stack size 0 bytes, eventrecorder.o(.text.EventRecorderTimerSetup))
<BR><BR>[Called By]<UL><LI><a href="#[a3]">&gt;&gt;</a>&nbsp;&nbsp;&nbsp;EventRecorderInitialize
</UL>

<P><STRONG><a name="[ac]"></a>EvrRtxDelay</STRONG> (Thumb, 26 bytes, Stack size 16 bytes, rtx_evr.o(.text.EvrRtxDelay))
<BR><BR>[Stack]<UL><LI>Max Depth = 160<LI>Call Chain = EvrRtxDelay &rArr; EventRecord2 &rArr; EventGetTS &rArr; EventRecorderTimerGetCount &rArr; osKernelGetSysTimerCount &rArr; svcRtxKernelGetSysTimerCount &rArr; OS_Tick_GetCount
</UL>
<BR>[Calls]<UL><LI><a href="#[97]">&gt;&gt;</a>&nbsp;&nbsp;&nbsp;EventRecord2
</UL>
<BR>[Called By]<UL><LI><a href="#[fa]">&gt;&gt;</a>&nbsp;&nbsp;&nbsp;osDelay
</UL>

<P><STRONG><a name="[ad]"></a>EvrRtxDelayCompleted</STRONG> (Thumb, 26 bytes, Stack size 16 bytes, rtx_evr.o(.text.EvrRtxDelayCompleted))
<BR><BR>[Stack]<UL><LI>Max Depth = 160<LI>Call Chain = EvrRtxDelayCompleted &rArr; EventRecord2 &rArr; EventGetTS &rArr; EventRecorderTimerGetCount &rArr; osKernelGetSysTimerCount &rArr; svcRtxKernelGetSysTimerCount &rArr; OS_Tick_GetCount
</UL>
<BR>[Calls]<UL><LI><a href="#[97]">&gt;&gt;</a>&nbsp;&nbsp;&nbsp;EventRecord2
</UL>
<BR>[Called By]<UL><LI><a href="#[139]">&gt;&gt;</a>&nbsp;&nbsp;&nbsp;osRtxThreadDelayTick
</UL>

<P><STRONG><a name="[ae]"></a>EvrRtxDelayError</STRONG> (Thumb, 22 bytes, Stack size 16 bytes, rtx_evr.o(.text.EvrRtxDelayError))
<BR><BR>[Stack]<UL><LI>Max Depth = 160<LI>Call Chain = EvrRtxDelayError &rArr; EventRecord2 &rArr; EventGetTS &rArr; EventRecorderTimerGetCount &rArr; osKernelGetSysTimerCount &rArr; svcRtxKernelGetSysTimerCount &rArr; OS_Tick_GetCount
</UL>
<BR>[Calls]<UL><LI><a href="#[97]">&gt;&gt;</a>&nbsp;&nbsp;&nbsp;EventRecord2
</UL>
<BR>[Called By]<UL><LI><a href="#[fa]">&gt;&gt;</a>&nbsp;&nbsp;&nbsp;osDelay
<LI><a href="#[47]">&gt;&gt;</a>&nbsp;&nbsp;&nbsp;svcRtxDelay
</UL>

<P><STRONG><a name="[af]"></a>EvrRtxDelayStarted</STRONG> (Thumb, 26 bytes, Stack size 16 bytes, rtx_evr.o(.text.EvrRtxDelayStarted))
<BR><BR>[Stack]<UL><LI>Max Depth = 160<LI>Call Chain = EvrRtxDelayStarted &rArr; EventRecord2 &rArr; EventGetTS &rArr; EventRecorderTimerGetCount &rArr; osKernelGetSysTimerCount &rArr; svcRtxKernelGetSysTimerCount &rArr; OS_Tick_GetCount
</UL>
<BR>[Calls]<UL><LI><a href="#[97]">&gt;&gt;</a>&nbsp;&nbsp;&nbsp;EventRecord2
</UL>
<BR>[Called By]<UL><LI><a href="#[47]">&gt;&gt;</a>&nbsp;&nbsp;&nbsp;svcRtxDelay
</UL>

<P><STRONG><a name="[b0]"></a>EvrRtxEventFlagsWaitTimeout</STRONG> (Thumb, 26 bytes, Stack size 16 bytes, rtx_evr.o(.text.EvrRtxEventFlagsWaitTimeout))
<BR><BR>[Stack]<UL><LI>Max Depth = 160<LI>Call Chain = EvrRtxEventFlagsWaitTimeout &rArr; EventRecord2 &rArr; EventGetTS &rArr; EventRecorderTimerGetCount &rArr; osKernelGetSysTimerCount &rArr; svcRtxKernelGetSysTimerCount &rArr; OS_Tick_GetCount
</UL>
<BR>[Calls]<UL><LI><a href="#[97]">&gt;&gt;</a>&nbsp;&nbsp;&nbsp;EventRecord2
</UL>
<BR>[Called By]<UL><LI><a href="#[139]">&gt;&gt;</a>&nbsp;&nbsp;&nbsp;osRtxThreadDelayTick
</UL>

<P><STRONG><a name="[b1]"></a>EvrRtxKernelError</STRONG> (Thumb, 22 bytes, Stack size 16 bytes, rtx_evr.o(.text.EvrRtxKernelError))
<BR><BR>[Stack]<UL><LI>Max Depth = 160<LI>Call Chain = EvrRtxKernelError &rArr; EventRecord2 &rArr; EventGetTS &rArr; EventRecorderTimerGetCount &rArr; osKernelGetSysTimerCount &rArr; svcRtxKernelGetSysTimerCount &rArr; OS_Tick_GetCount
</UL>
<BR>[Calls]<UL><LI><a href="#[97]">&gt;&gt;</a>&nbsp;&nbsp;&nbsp;EventRecord2
</UL>
<BR>[Called By]<UL><LI><a href="#[10d]">&gt;&gt;</a>&nbsp;&nbsp;&nbsp;osKernelStart
<LI><a href="#[10c]">&gt;&gt;</a>&nbsp;&nbsp;&nbsp;osKernelInitialize
<LI><a href="#[4b]">&gt;&gt;</a>&nbsp;&nbsp;&nbsp;svcRtxKernelStart
<LI><a href="#[4a]">&gt;&gt;</a>&nbsp;&nbsp;&nbsp;svcRtxKernelInitialize
</UL>

<P><STRONG><a name="[b2]"></a>EvrRtxKernelErrorNotify</STRONG> (Thumb, 24 bytes, Stack size 16 bytes, rtx_evr.o(.text.EvrRtxKernelErrorNotify))
<BR><BR>[Stack]<UL><LI>Max Depth = 160<LI>Call Chain = EvrRtxKernelErrorNotify &rArr; EventRecord2 &rArr; EventGetTS &rArr; EventRecorderTimerGetCount &rArr; osKernelGetSysTimerCount &rArr; svcRtxKernelGetSysTimerCount &rArr; OS_Tick_GetCount
</UL>
<BR>[Calls]<UL><LI><a href="#[97]">&gt;&gt;</a>&nbsp;&nbsp;&nbsp;EventRecord2
</UL>
<BR>[Called By]<UL><LI><a href="#[80]">&gt;&gt;</a>&nbsp;&nbsp;&nbsp;osRtxKernelErrorNotify
</UL>

<P><STRONG><a name="[b3]"></a>EvrRtxKernelInitialize</STRONG> (Thumb, 20 bytes, Stack size 8 bytes, rtx_evr.o(.text.EvrRtxKernelInitialize))
<BR><BR>[Stack]<UL><LI>Max Depth = 152<LI>Call Chain = EvrRtxKernelInitialize &rArr; EventRecord2 &rArr; EventGetTS &rArr; EventRecorderTimerGetCount &rArr; osKernelGetSysTimerCount &rArr; svcRtxKernelGetSysTimerCount &rArr; OS_Tick_GetCount
</UL>
<BR>[Calls]<UL><LI><a href="#[97]">&gt;&gt;</a>&nbsp;&nbsp;&nbsp;EventRecord2
</UL>
<BR>[Called By]<UL><LI><a href="#[10c]">&gt;&gt;</a>&nbsp;&nbsp;&nbsp;osKernelInitialize
</UL>

<P><STRONG><a name="[b4]"></a>EvrRtxKernelInitialized</STRONG> (Thumb, 20 bytes, Stack size 8 bytes, rtx_evr.o(.text.EvrRtxKernelInitialized))
<BR><BR>[Stack]<UL><LI>Max Depth = 152<LI>Call Chain = EvrRtxKernelInitialized &rArr; EventRecord2 &rArr; EventGetTS &rArr; EventRecorderTimerGetCount &rArr; osKernelGetSysTimerCount &rArr; svcRtxKernelGetSysTimerCount &rArr; OS_Tick_GetCount
</UL>
<BR>[Calls]<UL><LI><a href="#[97]">&gt;&gt;</a>&nbsp;&nbsp;&nbsp;EventRecord2
</UL>
<BR>[Called By]<UL><LI><a href="#[4a]">&gt;&gt;</a>&nbsp;&nbsp;&nbsp;svcRtxKernelInitialize
</UL>

<P><STRONG><a name="[b5]"></a>EvrRtxKernelStart</STRONG> (Thumb, 20 bytes, Stack size 8 bytes, rtx_evr.o(.text.EvrRtxKernelStart))
<BR><BR>[Stack]<UL><LI>Max Depth = 152<LI>Call Chain = EvrRtxKernelStart &rArr; EventRecord2 &rArr; EventGetTS &rArr; EventRecorderTimerGetCount &rArr; osKernelGetSysTimerCount &rArr; svcRtxKernelGetSysTimerCount &rArr; OS_Tick_GetCount
</UL>
<BR>[Calls]<UL><LI><a href="#[97]">&gt;&gt;</a>&nbsp;&nbsp;&nbsp;EventRecord2
</UL>
<BR>[Called By]<UL><LI><a href="#[10d]">&gt;&gt;</a>&nbsp;&nbsp;&nbsp;osKernelStart
</UL>

<P><STRONG><a name="[b6]"></a>EvrRtxKernelStarted</STRONG> (Thumb, 20 bytes, Stack size 8 bytes, rtx_evr.o(.text.EvrRtxKernelStarted))
<BR><BR>[Stack]<UL><LI>Max Depth = 152<LI>Call Chain = EvrRtxKernelStarted &rArr; EventRecord2 &rArr; EventGetTS &rArr; EventRecorderTimerGetCount &rArr; osKernelGetSysTimerCount &rArr; svcRtxKernelGetSysTimerCount &rArr; OS_Tick_GetCount
</UL>
<BR>[Calls]<UL><LI><a href="#[97]">&gt;&gt;</a>&nbsp;&nbsp;&nbsp;EventRecord2
</UL>
<BR>[Called By]<UL><LI><a href="#[4b]">&gt;&gt;</a>&nbsp;&nbsp;&nbsp;svcRtxKernelStart
</UL>

<P><STRONG><a name="[b7]"></a>EvrRtxMemoryAlloc</STRONG> (Thumb, 42 bytes, Stack size 32 bytes, rtx_evr.o(.text.EvrRtxMemoryAlloc))
<BR><BR>[Stack]<UL><LI>Max Depth = 184<LI>Call Chain = EvrRtxMemoryAlloc &rArr; EventRecord4 &rArr; EventGetTS &rArr; EventRecorderTimerGetCount &rArr; osKernelGetSysTimerCount &rArr; svcRtxKernelGetSysTimerCount &rArr; OS_Tick_GetCount
</UL>
<BR>[Calls]<UL><LI><a href="#[9a]">&gt;&gt;</a>&nbsp;&nbsp;&nbsp;EventRecord4
</UL>
<BR>[Called By]<UL><LI><a href="#[11b]">&gt;&gt;</a>&nbsp;&nbsp;&nbsp;osRtxMemoryAlloc
</UL>

<P><STRONG><a name="[b8]"></a>EvrRtxMemoryBlockAlloc</STRONG> (Thumb, 28 bytes, Stack size 16 bytes, rtx_evr.o(.text.EvrRtxMemoryBlockAlloc))
<BR><BR>[Stack]<UL><LI>Max Depth = 160<LI>Call Chain = EvrRtxMemoryBlockAlloc &rArr; EventRecord2 &rArr; EventGetTS &rArr; EventRecorderTimerGetCount &rArr; osKernelGetSysTimerCount &rArr; svcRtxKernelGetSysTimerCount &rArr; OS_Tick_GetCount
</UL>
<BR>[Calls]<UL><LI><a href="#[97]">&gt;&gt;</a>&nbsp;&nbsp;&nbsp;EventRecord2
</UL>
<BR>[Called By]<UL><LI><a href="#[105]">&gt;&gt;</a>&nbsp;&nbsp;&nbsp;osRtxMemoryPoolAlloc
</UL>

<P><STRONG><a name="[b9]"></a>EvrRtxMemoryBlockFree</STRONG> (Thumb, 40 bytes, Stack size 24 bytes, rtx_evr.o(.text.EvrRtxMemoryBlockFree))
<BR><BR>[Stack]<UL><LI>Max Depth = 176<LI>Call Chain = EvrRtxMemoryBlockFree &rArr; EventRecord4 &rArr; EventGetTS &rArr; EventRecorderTimerGetCount &rArr; osKernelGetSysTimerCount &rArr; svcRtxKernelGetSysTimerCount &rArr; OS_Tick_GetCount
</UL>
<BR>[Calls]<UL><LI><a href="#[9a]">&gt;&gt;</a>&nbsp;&nbsp;&nbsp;EventRecord4
</UL>
<BR>[Called By]<UL><LI><a href="#[122]">&gt;&gt;</a>&nbsp;&nbsp;&nbsp;osRtxMemoryPoolFree
</UL>

<P><STRONG><a name="[ba]"></a>EvrRtxMemoryBlockInit</STRONG> (Thumb, 42 bytes, Stack size 32 bytes, rtx_evr.o(.text.EvrRtxMemoryBlockInit))
<BR><BR>[Stack]<UL><LI>Max Depth = 184<LI>Call Chain = EvrRtxMemoryBlockInit &rArr; EventRecord4 &rArr; EventGetTS &rArr; EventRecorderTimerGetCount &rArr; osKernelGetSysTimerCount &rArr; svcRtxKernelGetSysTimerCount &rArr; OS_Tick_GetCount
</UL>
<BR>[Calls]<UL><LI><a href="#[9a]">&gt;&gt;</a>&nbsp;&nbsp;&nbsp;EventRecord4
</UL>
<BR>[Called By]<UL><LI><a href="#[125]">&gt;&gt;</a>&nbsp;&nbsp;&nbsp;osRtxMemoryPoolInit
</UL>

<P><STRONG><a name="[bb]"></a>EvrRtxMemoryFree</STRONG> (Thumb, 40 bytes, Stack size 24 bytes, rtx_evr.o(.text.EvrRtxMemoryFree))
<BR><BR>[Stack]<UL><LI>Max Depth = 176<LI>Call Chain = EvrRtxMemoryFree &rArr; EventRecord4 &rArr; EventGetTS &rArr; EventRecorderTimerGetCount &rArr; osKernelGetSysTimerCount &rArr; svcRtxKernelGetSysTimerCount &rArr; OS_Tick_GetCount
</UL>
<BR>[Calls]<UL><LI><a href="#[9a]">&gt;&gt;</a>&nbsp;&nbsp;&nbsp;EventRecord4
</UL>
<BR>[Called By]<UL><LI><a href="#[11e]">&gt;&gt;</a>&nbsp;&nbsp;&nbsp;osRtxMemoryFree
</UL>

<P><STRONG><a name="[bc]"></a>EvrRtxMemoryInit</STRONG> (Thumb, 36 bytes, Stack size 24 bytes, rtx_evr.o(.text.EvrRtxMemoryInit))
<BR><BR>[Stack]<UL><LI>Max Depth = 176<LI>Call Chain = EvrRtxMemoryInit &rArr; EventRecord4 &rArr; EventGetTS &rArr; EventRecorderTimerGetCount &rArr; osKernelGetSysTimerCount &rArr; svcRtxKernelGetSysTimerCount &rArr; OS_Tick_GetCount
</UL>
<BR>[Calls]<UL><LI><a href="#[9a]">&gt;&gt;</a>&nbsp;&nbsp;&nbsp;EventRecord4
</UL>
<BR>[Called By]<UL><LI><a href="#[11f]">&gt;&gt;</a>&nbsp;&nbsp;&nbsp;osRtxMemoryInit
</UL>

<P><STRONG><a name="[bd]"></a>EvrRtxMemoryPoolAllocTimeout</STRONG> (Thumb, 26 bytes, Stack size 16 bytes, rtx_evr.o(.text.EvrRtxMemoryPoolAllocTimeout))
<BR><BR>[Stack]<UL><LI>Max Depth = 160<LI>Call Chain = EvrRtxMemoryPoolAllocTimeout &rArr; EventRecord2 &rArr; EventGetTS &rArr; EventRecorderTimerGetCount &rArr; osKernelGetSysTimerCount &rArr; svcRtxKernelGetSysTimerCount &rArr; OS_Tick_GetCount
</UL>
<BR>[Calls]<UL><LI><a href="#[97]">&gt;&gt;</a>&nbsp;&nbsp;&nbsp;EventRecord2
</UL>
<BR>[Called By]<UL><LI><a href="#[139]">&gt;&gt;</a>&nbsp;&nbsp;&nbsp;osRtxThreadDelayTick
</UL>

<P><STRONG><a name="[be]"></a>EvrRtxMessageQueueCreated</STRONG> (Thumb, 28 bytes, Stack size 16 bytes, rtx_evr.o(.text.EvrRtxMessageQueueCreated))
<BR><BR>[Stack]<UL><LI>Max Depth = 160<LI>Call Chain = EvrRtxMessageQueueCreated &rArr; EventRecord2 &rArr; EventGetTS &rArr; EventRecorderTimerGetCount &rArr; osKernelGetSysTimerCount &rArr; svcRtxKernelGetSysTimerCount &rArr; OS_Tick_GetCount
</UL>
<BR>[Calls]<UL><LI><a href="#[97]">&gt;&gt;</a>&nbsp;&nbsp;&nbsp;EventRecord2
</UL>
<BR>[Called By]<UL><LI><a href="#[12b]">&gt;&gt;</a>&nbsp;&nbsp;&nbsp;svcRtxMessageQueueNew
</UL>

<P><STRONG><a name="[bf]"></a>EvrRtxMessageQueueError</STRONG> (Thumb, 24 bytes, Stack size 16 bytes, rtx_evr.o(.text.EvrRtxMessageQueueError))
<BR><BR>[Stack]<UL><LI>Max Depth = 160<LI>Call Chain = EvrRtxMessageQueueError &rArr; EventRecord2 &rArr; EventGetTS &rArr; EventRecorderTimerGetCount &rArr; osKernelGetSysTimerCount &rArr; svcRtxKernelGetSysTimerCount &rArr; OS_Tick_GetCount
</UL>
<BR>[Calls]<UL><LI><a href="#[97]">&gt;&gt;</a>&nbsp;&nbsp;&nbsp;EventRecord2
</UL>
<BR>[Called By]<UL><LI><a href="#[4c]">&gt;&gt;</a>&nbsp;&nbsp;&nbsp;svcRtxMessageQueueGet
<LI><a href="#[ff]">&gt;&gt;</a>&nbsp;&nbsp;&nbsp;isrRtxMessageQueueGet
<LI><a href="#[4d]">&gt;&gt;</a>&nbsp;&nbsp;&nbsp;svcRtxMessageQueuePut
<LI><a href="#[104]">&gt;&gt;</a>&nbsp;&nbsp;&nbsp;isrRtxMessageQueuePut
<LI><a href="#[12b]">&gt;&gt;</a>&nbsp;&nbsp;&nbsp;svcRtxMessageQueueNew
</UL>

<P><STRONG><a name="[c0]"></a>EvrRtxMessageQueueGet</STRONG> (Thumb, 42 bytes, Stack size 32 bytes, rtx_evr.o(.text.EvrRtxMessageQueueGet))
<BR><BR>[Stack]<UL><LI>Max Depth = 184<LI>Call Chain = EvrRtxMessageQueueGet &rArr; EventRecord4 &rArr; EventGetTS &rArr; EventRecorderTimerGetCount &rArr; osKernelGetSysTimerCount &rArr; svcRtxKernelGetSysTimerCount &rArr; OS_Tick_GetCount
</UL>
<BR>[Calls]<UL><LI><a href="#[9a]">&gt;&gt;</a>&nbsp;&nbsp;&nbsp;EventRecord4
</UL>
<BR>[Called By]<UL><LI><a href="#[116]">&gt;&gt;</a>&nbsp;&nbsp;&nbsp;osMessageQueueGet
</UL>

<P><STRONG><a name="[c1]"></a>EvrRtxMessageQueueGetPending</STRONG> (Thumb, 40 bytes, Stack size 24 bytes, rtx_evr.o(.text.EvrRtxMessageQueueGetPending))
<BR><BR>[Stack]<UL><LI>Max Depth = 176<LI>Call Chain = EvrRtxMessageQueueGetPending &rArr; EventRecord4 &rArr; EventGetTS &rArr; EventRecorderTimerGetCount &rArr; osKernelGetSysTimerCount &rArr; svcRtxKernelGetSysTimerCount &rArr; OS_Tick_GetCount
</UL>
<BR>[Calls]<UL><LI><a href="#[9a]">&gt;&gt;</a>&nbsp;&nbsp;&nbsp;EventRecord4
</UL>
<BR>[Called By]<UL><LI><a href="#[4c]">&gt;&gt;</a>&nbsp;&nbsp;&nbsp;svcRtxMessageQueueGet
</UL>

<P><STRONG><a name="[c2]"></a>EvrRtxMessageQueueGetTimeout</STRONG> (Thumb, 26 bytes, Stack size 16 bytes, rtx_evr.o(.text.EvrRtxMessageQueueGetTimeout))
[...]
</UL>

<P><STRONG><a name="[54]"></a>osRtxThreadPostProcess</STRONG> (Thumb, 68 bytes, Stack size 16 bytes, rtx_thread.o(.text.osRtxThreadPostProcess))
<BR><BR>[Stack]<UL><LI>Max Depth = 256<LI>Call Chain = osRtxThreadPostProcess &rArr; osRtxThreadWaitExit &rArr; osRtxThreadDispatch &rArr; osRtxThreadBlock &rArr; EvrRtxThreadPreempted &rArr; EventRecord2 &rArr; EventGetTS &rArr; EventRecorderTimerGetCount &rArr; osKernelGetSysTimerCount &rArr; svcRtxKernelGetSysTimerCount &rArr; OS_Tick_GetCount
</UL>
<BR>[Calls]<UL><LI><a href="#[128]">&gt;&gt;</a>&nbsp;&nbsp;&nbsp;osRtxThreadWaitExit
<LI><a href="#[f6]">&gt;&gt;</a>&nbsp;&nbsp;&nbsp;ThreadFlagsCheck
<LI><a href="#[d4]">&gt;&gt;</a>&nbsp;&nbsp;&nbsp;EvrRtxThreadFlagsWaitCompleted
</UL>
<BR>[Address Reference Count : 1]<UL><LI> rtx_thread.o(.text.svcRtxThreadNew)
</UL>
<P><STRONG><a name="[155]"></a>IsException</STRONG> (Thumb, 20 bytes, Stack size 4 bytes, rtx_thread.o(.text.IsException))
<BR><BR>[Stack]<UL><LI>Max Depth = 4<LI>Call Chain = IsException
</UL>
<BR>[Called By]<UL><LI><a href="#[f9]">&gt;&gt;</a>&nbsp;&nbsp;&nbsp;osThreadNew
</UL>

<P><STRONG><a name="[156]"></a>IsIrqMasked</STRONG> (Thumb, 46 bytes, Stack size 12 bytes, rtx_thread.o(.text.IsIrqMasked))
<BR><BR>[Stack]<UL><LI>Max Depth = 12<LI>Call Chain = IsIrqMasked
</UL>
<BR>[Called By]<UL><LI><a href="#[f9]">&gt;&gt;</a>&nbsp;&nbsp;&nbsp;osThreadNew
</UL>

<P><STRONG><a name="[50]"></a>svcRtxThreadExit</STRONG> (Thumb, 132 bytes, Stack size 16 bytes, rtx_thread.o(.text.svcRtxThreadExit))
<BR><BR>[Stack]<UL><LI>Max Depth = 288<LI>Call Chain = svcRtxThreadExit &rArr; osRtxMutexOwnerRelease &rArr; osRtxThreadWaitExit &rArr; osRtxThreadDispatch &rArr; osRtxThreadBlock &rArr; EvrRtxThreadPreempted &rArr; EventRecord2 &rArr; EventGetTS &rArr; EventRecorderTimerGetCount &rArr; osKernelGetSysTimerCount &rArr; svcRtxKernelGetSysTimerCount &rArr; OS_Tick_GetCount
</UL>
<BR>[Calls]<UL><LI><a href="#[127]">&gt;&gt;</a>&nbsp;&nbsp;&nbsp;osRtxThreadListGet
<LI><a href="#[80]">&gt;&gt;</a>&nbsp;&nbsp;&nbsp;osRtxKernelErrorNotify
<LI><a href="#[7f]">&gt;&gt;</a>&nbsp;&nbsp;&nbsp;osRtxThreadStackCheck
<LI><a href="#[13f]">&gt;&gt;</a>&nbsp;&nbsp;&nbsp;osRtxThreadDestroy
<LI><a href="#[145]">&gt;&gt;</a>&nbsp;&nbsp;&nbsp;osRtxThreadJoinWakeup
<LI><a href="#[15f]">&gt;&gt;</a>&nbsp;&nbsp;&nbsp;osRtxThreadSetRunning
<LI><a href="#[142]">&gt;&gt;</a>&nbsp;&nbsp;&nbsp;osRtxThreadGetRunning
<LI><a href="#[141]">&gt;&gt;</a>&nbsp;&nbsp;&nbsp;osRtxKernelGetState
<LI><a href="#[12c]">&gt;&gt;</a>&nbsp;&nbsp;&nbsp;osRtxMutexOwnerRelease
<LI><a href="#[143]">&gt;&gt;</a>&nbsp;&nbsp;&nbsp;osRtxThreadSwitch
</UL>
<BR>[Address Reference Count : 1]<UL><LI> rtx_thread.o(.text.osThreadExit)
</UL>
<P><STRONG><a name="[f6]"></a>ThreadFlagsCheck</STRONG> (Thumb, 124 bytes, Stack size 24 bytes, rtx_thread.o(.text.ThreadFlagsCheck))
<BR><BR>[Stack]<UL><LI>Max Depth = 52<LI>Call Chain = ThreadFlagsCheck &rArr; atomic_chk32_any
</UL>
<BR>[Calls]<UL><LI><a href="#[f8]">&gt;&gt;</a>&nbsp;&nbsp;&nbsp;atomic_chk32_any
<LI><a href="#[f7]">&gt;&gt;</a>&nbsp;&nbsp;&nbsp;atomic_chk32_all
</UL>
<BR>[Called By]<UL><LI><a href="#[54]">&gt;&gt;</a>&nbsp;&nbsp;&nbsp;osRtxThreadPostProcess
</UL>

<P><STRONG><a name="[f7]"></a>atomic_chk32_all</STRONG> (Thumb, 56 bytes, Stack size 28 bytes, rtx_thread.o(.text.atomic_chk32_all))
<BR><BR>[Stack]<UL><LI>Max Depth = 28<LI>Call Chain = atomic_chk32_all
</UL>
<BR>[Called By]<UL><LI><a href="#[f6]">&gt;&gt;</a>&nbsp;&nbsp;&nbsp;ThreadFlagsCheck
</UL>

<P><STRONG><a name="[f8]"></a>atomic_chk32_any</STRONG> (Thumb, 52 bytes, Stack size 28 bytes, rtx_thread.o(.text.atomic_chk32_any))
<BR><BR>[Stack]<UL><LI>Max Depth = 28<LI>Call Chain = atomic_chk32_any
</UL>
<BR>[Called By]<UL><LI><a href="#[f6]">&gt;&gt;</a>&nbsp;&nbsp;&nbsp;ThreadFlagsCheck
</UL>

<P><STRONG><a name="[15f]"></a>osRtxThreadSetRunning</STRONG> (Thumb, 20 bytes, Stack size 4 bytes, rtx_thread.o(.text.osRtxThreadSetRunning))
<BR><BR>[Stack]<UL><LI>Max Depth = 4<LI>Call Chain = osRtxThreadSetRunning
</UL>
<BR>[Called By]<UL><LI><a href="#[50]">&gt;&gt;</a>&nbsp;&nbsp;&nbsp;svcRtxThreadExit
</UL>

<P><STRONG><a name="[4f]"></a>osRtxTimerTick</STRONG> (Thumb, 220 bytes, Stack size 32 bytes, rtx_timer.o(.text.osRtxTimerTick))
<BR><BR>[Stack]<UL><LI>Max Depth = 336<LI>Call Chain = osRtxTimerTick &rArr; osMessageQueuePut &rArr; isrRtxMessageQueuePut &rArr; osRtxPostProcess &rArr; osRtxKernelErrorNotify &rArr; EvrRtxKernelErrorNotify &rArr; EventRecord2 &rArr; EventGetTS &rArr; EventRecorderTimerGetCount &rArr; osKernelGetSysTimerCount &rArr; svcRtxKernelGetSysTimerCount &rArr; OS_Tick_GetCount
</UL>
<BR>[Calls]<UL><LI><a href="#[80]">&gt;&gt;</a>&nbsp;&nbsp;&nbsp;osRtxKernelErrorNotify
<LI><a href="#[119]">&gt;&gt;</a>&nbsp;&nbsp;&nbsp;osMessageQueuePut
<LI><a href="#[153]">&gt;&gt;</a>&nbsp;&nbsp;&nbsp;TimerInsert
<LI><a href="#[152]">&gt;&gt;</a>&nbsp;&nbsp;&nbsp;osRtxThreadSetRunning
<LI><a href="#[151]">&gt;&gt;</a>&nbsp;&nbsp;&nbsp;TimerUnlink
<LI><a href="#[150]">&gt;&gt;</a>&nbsp;&nbsp;&nbsp;osRtxThreadGetRunning
</UL>
<BR>[Address Reference Count : 1]<UL><LI> rtx_timer.o(.text.osRtxTimerSetup)
</UL>
<P><STRONG><a name="[150]"></a>osRtxThreadGetRunning</STRONG> (Thumb, 12 bytes, Stack size 0 bytes, rtx_timer.o(.text.osRtxThreadGetRunning))
<BR><BR>[Called By]<UL><LI><a href="#[4f]">&gt;&gt;</a>&nbsp;&nbsp;&nbsp;osRtxTimerTick
</UL>

<P><STRONG><a name="[151]"></a>TimerUnlink</STRONG> (Thumb, 40 bytes, Stack size 4 bytes, rtx_timer.o(.text.TimerUnlink))
<BR><BR>[Stack]<UL><LI>Max Depth = 4<LI>Call Chain = TimerUnlink
</UL>
<BR>[Called By]<UL><LI><a href="#[4f]">&gt;&gt;</a>&nbsp;&nbsp;&nbsp;osRtxTimerTick
</UL>

<P><STRONG><a name="[152]"></a>osRtxThreadSetRunning</STRONG> (Thumb, 20 bytes, Stack size 4 bytes, rtx_timer.o(.text.osRtxThreadSetRunning))
<BR><BR>[Stack]<UL><LI>Max Depth = 4<LI>Call Chain = osRtxThreadSetRunning
</UL>
<BR>[Called By]<UL><LI><a href="#[4f]">&gt;&gt;</a>&nbsp;&nbsp;&nbsp;osRtxTimerTick
</UL>

<P><STRONG><a name="[153]"></a>TimerInsert</STRONG> (Thumb, 158 bytes, Stack size 20 bytes, rtx_timer.o(.text.TimerInsert))
<BR><BR>[Stack]<UL><LI>Max Depth = 20<LI>Call Chain = TimerInsert
</UL>
<BR>[Called By]<UL><LI><a href="#[4f]">&gt;&gt;</a>&nbsp;&nbsp;&nbsp;osRtxTimerTick
</UL>

<P><STRONG><a name="[44]"></a>I2C_DrvEvent</STRONG> (Thumb, 24 bytes, Stack size 4 bytes, dv_i2c.o(.text.I2C_DrvEvent))
<BR><BR>[Stack]<UL><LI>Max Depth = 4<LI>Call Chain = I2C_DrvEvent
</UL>
<BR>[Address Reference Count : 6]<UL><LI> dv_i2c.o(.text.I2C_Initialization)
<LI> dv_i2c.o(.text.I2C_PowerControl)
<LI> dv_i2c.o(.text.I2C_SetBusSpeed)
<LI> dv_i2c.o(.text.I2C_SetOwnAddress)
<LI> dv_i2c.o(.text.I2C_BusClear)
<LI> dv_i2c.o(.text.I2C_AbortTransfer)
</UL>
<P><STRONG><a name="[73]"></a>tr_Init</STRONG> (Thumb, 28 bytes, Stack size 8 bytes, dv_report.o(.text.tr_Init))
<BR><BR>[Stack]<UL><LI>Max Depth = 40<LI>Call Chain = tr_Init &rArr; MsgPrint
</UL>
<BR>[Calls]<UL><LI><a href="#[ef]">&gt;&gt;</a>&nbsp;&nbsp;&nbsp;MsgPrint
</UL>
<BR>[Address Reference Count : 1]<UL><LI> dv_report.o(.data.ritf)
</UL>
<P><STRONG><a name="[ef]"></a>MsgPrint</STRONG> (Thumb, 36 bytes, Stack size 32 bytes, dv_report.o(.text.MsgPrint))
<BR><BR>[Stack]<UL><LI>Max Depth = 32<LI>Call Chain = MsgPrint
</UL>
<BR>[Calls]<UL><LI><a href="#[f0]">&gt;&gt;</a>&nbsp;&nbsp;&nbsp;vprintf
</UL>
<BR>[Called By]<UL><LI><a href="#[7b]">&gt;&gt;</a>&nbsp;&nbsp;&nbsp;tc_Uninit
<LI><a href="#[7a]">&gt;&gt;</a>&nbsp;&nbsp;&nbsp;tc_Detail
<LI><a href="#[79]">&gt;&gt;</a>&nbsp;&nbsp;&nbsp;tc_Init
<LI><a href="#[78]">&gt;&gt;</a>&nbsp;&nbsp;&nbsp;tg_Uninit
<LI><a href="#[76]">&gt;&gt;</a>&nbsp;&nbsp;&nbsp;tg_Info
<LI><a href="#[75]">&gt;&gt;</a>&nbsp;&nbsp;&nbsp;tg_Init
<LI><a href="#[73]">&gt;&gt;</a>&nbsp;&nbsp;&nbsp;tr_Init
</UL>

<P><STRONG><a name="[74]"></a>tr_Uninit</STRONG> (Thumb, 2 bytes, Stack size 0 bytes, dv_report.o(.text.tr_Uninit))
<BR>[Address Reference Count : 1]<UL><LI> dv_report.o(.data.ritf)
</UL>
<P><STRONG><a name="[75]"></a>tg_Init</STRONG> (Thumb, 56 bytes, Stack size 24 bytes, dv_report.o(.text.tg_Init))
<BR><BR>[Stack]<UL><LI>Max Depth = 56<LI>Call Chain = tg_Init &rArr; MsgPrint
</UL>
<BR>[Calls]<UL><LI><a href="#[ef]">&gt;&gt;</a>&nbsp;&nbsp;&nbsp;MsgPrint
</UL>
<BR>[Address Reference Count : 1]<UL><LI> dv_report.o(.data.ritf)
</UL>
<P><STRONG><a name="[76]"></a>tg_Info</STRONG> (Thumb, 44 bytes, Stack size 16 bytes, dv_report.o(.text.tg_Info))
<BR><BR>[Stack]<UL><LI>Max Depth = 48<LI>Call Chain = tg_Info &rArr; MsgPrint
</UL>
<BR>[Calls]<UL><LI><a href="#[ef]">&gt;&gt;</a>&nbsp;&nbsp;&nbsp;MsgPrint
</UL>
<BR>[Address Reference Count : 1]<UL><LI> dv_report.o(.data.ritf)
</UL>
<P><STRONG><a name="[77]"></a>tg_InfoDone</STRONG> (Thumb, 2 bytes, Stack size 0 bytes, dv_report.o(.text.tg_InfoDone))
<BR>[Address Reference Count : 1]<UL><LI> dv_report.o(.data.ritf)
</UL>
<P><STRONG><a name="[78]"></a>tg_Uninit</STRONG> (Thumb, 118 bytes, Stack size 16 bytes, dv_report.o(.text.tg_Uninit))
<BR><BR>[Stack]<UL><LI>Max Depth = 48<LI>Call Chain = tg_Uninit &rArr; MsgPrint
</UL>
<BR>[Calls]<UL><LI><a href="#[162]">&gt;&gt;</a>&nbsp;&nbsp;&nbsp;MsgFlush
<LI><a href="#[ef]">&gt;&gt;</a>&nbsp;&nbsp;&nbsp;MsgPrint
</UL>
<BR>[Address Reference Count : 1]<UL><LI> dv_report.o(.data.ritf)
</UL>
<P><STRONG><a name="[162]"></a>MsgFlush</STRONG> (Thumb, 16 bytes, Stack size 8 bytes, dv_report.o(.text.MsgFlush))
<BR><BR>[Stack]<UL><LI>Max Depth = 8<LI>Call Chain = MsgFlush
</UL>
<BR>[Called By]<UL><LI><a href="#[78]">&gt;&gt;</a>&nbsp;&nbsp;&nbsp;tg_Uninit
</UL>

<P><STRONG><a name="[79]"></a>tc_Init</STRONG> (Thumb, 60 bytes, Stack size 16 bytes, dv_report.o(.text.tc_Init))
<BR><BR>[Stack]<UL><LI>Max Depth = 48<LI>Call Chain = tc_Init &rArr; MsgPrint
</UL>
<BR>[Calls]<UL><LI><a href="#[ef]">&gt;&gt;</a>&nbsp;&nbsp;&nbsp;MsgPrint
</UL>
<BR>[Address Reference Count : 1]<UL><LI> dv_report.o(.data.ritf)
</UL>
<P><STRONG><a name="[7a]"></a>tc_Detail</STRONG> (Thumb, 72 bytes, Stack size 24 bytes, dv_report.o(.text.tc_Detail))
<BR><BR>[Stack]<UL><LI>Max Depth = 56<LI>Call Chain = tc_Detail &rArr; MsgPrint
</UL>
<BR>[Calls]<UL><LI><a href="#[10e]">&gt;&gt;</a>&nbsp;&nbsp;&nbsp;no_path
<LI><a href="#[ef]">&gt;&gt;</a>&nbsp;&nbsp;&nbsp;MsgPrint
</UL>
<BR>[Called By]<UL><LI><a href="#[e9]">&gt;&gt;</a>&nbsp;&nbsp;&nbsp;__set_message
<LI><a href="#[e8]">&gt;&gt;</a>&nbsp;&nbsp;&nbsp;__set_result
</UL>
<BR>[Address Reference Count : 1]<UL><LI> dv_report.o(.data.ritf)
</UL>
<P><STRONG><a name="[10e]"></a>no_path</STRONG> (Thumb, 42 bytes, Stack size 16 bytes, dv_report.o(.text.no_path))
<BR><BR>[Stack]<UL><LI>Max Depth = 16<LI>Call Chain = no_path
</UL>
<BR>[Calls]<UL><LI><a href="#[10f]">&gt;&gt;</a>&nbsp;&nbsp;&nbsp;strrchr
</UL>
<BR>[Called By]<UL><LI><a href="#[7a]">&gt;&gt;</a>&nbsp;&nbsp;&nbsp;tc_Detail
</UL>

<P><STRONG><a name="[7b]"></a>tc_Uninit</STRONG> (Thumb, 158 bytes, Stack size 16 bytes, dv_report.o(.text.tc_Uninit))
<BR><BR>[Stack]<UL><LI>Max Depth = 48<LI>Call Chain = tc_Uninit &rArr; MsgPrint
</UL>
<BR>[Calls]<UL><LI><a href="#[ef]">&gt;&gt;</a>&nbsp;&nbsp;&nbsp;MsgPrint
</UL>
<BR>[Address Reference Count : 1]<UL><LI> dv_report.o(.data.ritf)
</UL>
<P><STRONG><a name="[7c]"></a>as_Result</STRONG> (Thumb, 58 bytes, Stack size 4 bytes, dv_report.o(.text.as_Result))
<BR><BR>[Stack]<UL><LI>Max Depth = 4<LI>Call Chain = as_Result
</UL>
<BR>[Called By]<UL><LI><a href="#[e8]">&gt;&gt;</a>&nbsp;&nbsp;&nbsp;__set_result
</UL>
<BR>[Address Reference Count : 1]<UL><LI> dv_report.o(.data.ritf)
</UL>
<P><STRONG><a name="[aa]"></a>SysTimerIsRunning</STRONG> (Thumb, 54 bytes, Stack size 8 bytes, eventrecorder.o(.text.SysTimerIsRunning))
<BR><BR>[Stack]<UL><LI>Max Depth = 48<LI>Call Chain = SysTimerIsRunning &rArr; osKernelGetState &rArr; svcRtxKernelGetState
</UL>
<BR>[Calls]<UL><LI><a href="#[f3]">&gt;&gt;</a>&nbsp;&nbsp;&nbsp;osKernelGetState
</UL>
<BR>[Called By]<UL><LI><a href="#[95]">&gt;&gt;</a>&nbsp;&nbsp;&nbsp;EventRecorderTimerGetCount
</UL>

<P><STRONG><a name="[a5]"></a>crc16_ccitt</STRONG> (Thumb, 130 bytes, Stack size 16 bytes, eventrecorder.o(.text.crc16_ccitt))
<BR><BR>[Stack]<UL><LI>Max Depth = 16<LI>Call Chain = crc16_ccitt
</UL>
<BR>[Called By]<UL><LI><a href="#[a3]">&gt;&gt;</a>&nbsp;&nbsp;&nbsp;EventRecorderInitialize
</UL>

<P><STRONG><a name="[94]"></a>EventGetTS</STRONG> (Thumb, 154 bytes, Stack size 32 bytes, eventrecorder.o(.text.EventGetTS))
<BR><BR>[Stack]<UL><LI>Max Depth = 104<LI>Call Chain = EventGetTS &rArr; EventRecorderTimerGetCount &rArr; osKernelGetSysTimerCount &rArr; svcRtxKernelGetSysTimerCount &rArr; OS_Tick_GetCount
</UL>
<BR>[Calls]<UL><LI><a href="#[95]">&gt;&gt;</a>&nbsp;&nbsp;&nbsp;EventRecorderTimerGetCount
<LI><a href="#[96]">&gt;&gt;</a>&nbsp;&nbsp;&nbsp;atomic_cmp_xch_32
</UL>
<BR>[Called By]<UL><LI><a href="#[a3]">&gt;&gt;</a>&nbsp;&nbsp;&nbsp;EventRecorderInitialize
<LI><a href="#[9c]">&gt;&gt;</a>&nbsp;&nbsp;&nbsp;EventRecordData
<LI><a href="#[97]">&gt;&gt;</a>&nbsp;&nbsp;&nbsp;EventRecord2
<LI><a href="#[9a]">&gt;&gt;</a>&nbsp;&nbsp;&nbsp;EventRecord4
<LI><a href="#[a9]">&gt;&gt;</a>&nbsp;&nbsp;&nbsp;EventRecorderStart
</UL>

<P><STRONG><a name="[99]"></a>EventRecordItem</STRONG> (Thumb, 240 bytes, Stack size 56 bytes, eventrecorder.o(.text.EventRecordItem))
<BR><BR>[Stack]<UL><LI>Max Depth = 92<LI>Call Chain = EventRecordItem &rArr; IncrementRecordsDumped &rArr; atomic_inc_32
</UL>
<BR>[Calls]<UL><LI><a href="#[a2]">&gt;&gt;</a>&nbsp;&nbsp;&nbsp;IncrementRecordsDumped
<LI><a href="#[a1]">&gt;&gt;</a>&nbsp;&nbsp;&nbsp;IncrementRecordsWritten
<LI><a href="#[a0]">&gt;&gt;</a>&nbsp;&nbsp;&nbsp;UnlockRecord
<LI><a href="#[9f]">&gt;&gt;</a>&nbsp;&nbsp;&nbsp;LockRecord
<LI><a href="#[9e]">&gt;&gt;</a>&nbsp;&nbsp;&nbsp;GetRecordIndex
</UL>
<BR>[Called By]<UL><LI><a href="#[a3]">&gt;&gt;</a>&nbsp;&nbsp;&nbsp;EventRecorderInitialize
<LI><a href="#[9c]">&gt;&gt;</a>&nbsp;&nbsp;&nbsp;EventRecordData
<LI><a href="#[97]">&gt;&gt;</a>&nbsp;&nbsp;&nbsp;EventRecord2
<LI><a href="#[9a]">&gt;&gt;</a>&nbsp;&nbsp;&nbsp;EventRecord4
<LI><a href="#[a9]">&gt;&gt;</a>&nbsp;&nbsp;&nbsp;EventRecorderStart
</UL>

<P><STRONG><a name="[96]"></a>atomic_cmp_xch_32</STRONG> (Thumb, 96 bytes, Stack size 32 bytes, eventrecorder.o(.text.atomic_cmp_xch_32))
<BR><BR>[Stack]<UL><LI>Max Depth = 32<LI>Call Chain = atomic_cmp_xch_32
</UL>
<BR>[Called By]<UL><LI><a href="#[94]">&gt;&gt;</a>&nbsp;&nbsp;&nbsp;EventGetTS
</UL>

<P><STRONG><a name="[9e]"></a>GetRecordIndex</STRONG> (Thumb, 18 bytes, Stack size 8 bytes, eventrecorder.o(.text.GetRecordIndex))
<BR><BR>[Stack]<UL><LI>Max Depth = 36<LI>Call Chain = GetRecordIndex &rArr; atomic_inc_32
</UL>
<BR>[Calls]<UL><LI><a href="#[e7]">&gt;&gt;</a>&nbsp;&nbsp;&nbsp;atomic_inc_32
</UL>
<BR>[Called By]<UL><LI><a href="#[99]">&gt;&gt;</a>&nbsp;&nbsp;&nbsp;EventRecordItem
</UL>

<P><STRONG><a name="[9f]"></a>LockRecord</STRONG> (Thumb, 140 bytes, Stack size 36 bytes, eventrecorder.o(.text.LockRecord))
<BR><BR>[Stack]<UL><LI>Max Depth = 36<LI>Call Chain = LockRecord
</UL>
<BR>[Called By]<UL><LI><a href="#[99]">&gt;&gt;</a>&nbsp;&nbsp;&nbsp;EventRecordItem
</UL>

<P><STRONG><a name="[a0]"></a>UnlockRecord</STRONG> (Thumb, 86 bytes, Stack size 36 bytes, eventrecorder.o(.text.UnlockRecord))
<BR><BR>[Stack]<UL><LI>Max Depth = 36<LI>Call Chain = UnlockRecord
</UL>
<BR>[Called By]<UL><LI><a href="#[99]">&gt;&gt;</a>&nbsp;&nbsp;&nbsp;EventRecordItem
</UL>

<P><STRONG><a name="[a1]"></a>IncrementRecordsWritten</STRONG> (Thumb, 18 bytes, Stack size 8 bytes, eventrecorder.o(.text.IncrementRecordsWritten))
<BR><BR>[Stack]<UL><LI>Max Depth = 36<LI>Call Chain = IncrementRecordsWritten &rArr; atomic_inc_32
</UL>
<BR>[Calls]<UL><LI><a href="#[e7]">&gt;&gt;</a>&nbsp;&nbsp;&nbsp;atomic_inc_32
</UL>
<BR>[Called By]<UL><LI><a href="#[99]">&gt;&gt;</a>&nbsp;&nbsp;&nbsp;EventRecordItem
</UL>

<P><STRONG><a name="[a2]"></a>IncrementRecordsDumped</STRONG> (Thumb, 18 bytes, Stack size 8 bytes, eventrecorder.o(.text.IncrementRecordsDumped))
<BR><BR>[Stack]<UL><LI>Max Depth = 36<LI>Call Chain = IncrementRecordsDumped &rArr; atomic_inc_32
</UL>
<BR>[Calls]<UL><LI><a href="#[e7]">&gt;&gt;</a>&nbsp;&nbsp;&nbsp;atomic_inc_32
</UL>
<BR>[Called By]<UL><LI><a href="#[99]">&gt;&gt;</a>&nbsp;&nbsp;&nbsp;EventRecordItem
</UL>

<P><STRONG><a name="[98]"></a>EventCheckFilter</STRONG> (Thumb, 60 bytes, Stack size 8 bytes, eventrecorder.o(.text.EventCheckFilter))
<BR><BR>[Stack]<UL><LI>Max Depth = 8<LI>Call Chain = EventCheckFilter
</UL>
<BR>[Called By]<UL><LI><a href="#[9c]">&gt;&gt;</a>&nbsp;&nbsp;&nbsp;EventRecordData
<LI><a href="#[97]">&gt;&gt;</a>&nbsp;&nbsp;&nbsp;EventRecord2
<LI><a href="#[9a]">&gt;&gt;</a>&nbsp;&nbsp;&nbsp;EventRecord4
</UL>

<P><STRONG><a name="[9b]"></a>GetContext</STRONG> (Thumb, 18 bytes, Stack size 8 bytes, eventrecorder.o(.text.GetContext))
<BR><BR>[Stack]<UL><LI>Max Depth = 32<LI>Call Chain = GetContext &rArr; atomic_inc_8
</UL>
<BR>[Calls]<UL><LI><a href="#[e6]">&gt;&gt;</a>&nbsp;&nbsp;&nbsp;atomic_inc_8
</UL>
<BR>[Called By]<UL><LI><a href="#[9c]">&gt;&gt;</a>&nbsp;&nbsp;&nbsp;EventRecordData
<LI><a href="#[9a]">&gt;&gt;</a>&nbsp;&nbsp;&nbsp;EventRecord4
</UL>

<P><STRONG><a name="[e6]"></a>atomic_inc_8</STRONG> (Thumb, 88 bytes, Stack size 24 bytes, eventrecorder.o(.text.atomic_inc_8))
<BR><BR>[Stack]<UL><LI>Max Depth = 24<LI>Call Chain = atomic_inc_8
</UL>
<BR>[Called By]<UL><LI><a href="#[9b]">&gt;&gt;</a>&nbsp;&nbsp;&nbsp;GetContext
</UL>

<P><STRONG><a name="[e7]"></a>atomic_inc_32</STRONG> (Thumb, 76 bytes, Stack size 28 bytes, eventrecorder.o(.text.atomic_inc_32))
<BR><BR>[Stack]<UL><LI>Max Depth = 28<LI>Call Chain = atomic_inc_32
</UL>
<BR>[Called By]<UL><LI><a href="#[a2]">&gt;&gt;</a>&nbsp;&nbsp;&nbsp;IncrementRecordsDumped
<LI><a href="#[a1]">&gt;&gt;</a>&nbsp;&nbsp;&nbsp;IncrementRecordsWritten
<LI><a href="#[9e]">&gt;&gt;</a>&nbsp;&nbsp;&nbsp;GetRecordIndex
</UL>

<P><STRONG><a name="[165]"></a>_fp_digits</STRONG> (Thumb, 366 bytes, Stack size 64 bytes, printfa.o(i._fp_digits), UNUSED)
<BR><BR>[Calls]<UL><LI><a href="#[86]">&gt;&gt;</a>&nbsp;&nbsp;&nbsp;__aeabi_uldivmod
<LI><a href="#[8f]">&gt;&gt;</a>&nbsp;&nbsp;&nbsp;__aeabi_dmul
<LI><a href="#[90]">&gt;&gt;</a>&nbsp;&nbsp;&nbsp;__aeabi_ddiv
<LI><a href="#[89]">&gt;&gt;</a>&nbsp;&nbsp;&nbsp;__aeabi_dadd
<LI><a href="#[91]">&gt;&gt;</a>&nbsp;&nbsp;&nbsp;__aeabi_d2ulz
<LI><a href="#[166]">&gt;&gt;</a>&nbsp;&nbsp;&nbsp;__aeabi_cdrcmple
</UL>
<BR>[Called By]<UL><LI><a href="#[164]">&gt;&gt;</a>&nbsp;&nbsp;&nbsp;_printf_core
</UL>

<P><STRONG><a name="[164]"></a>_printf_core</STRONG> (Thumb, 1744 bytes, Stack size 136 bytes, printfa.o(i._printf_core), UNUSED)
<BR><BR>[Calls]<UL><LI><a href="#[86]">&gt;&gt;</a>&nbsp;&nbsp;&nbsp;__aeabi_uldivmod
<LI><a href="#[169]">&gt;&gt;</a>&nbsp;&nbsp;&nbsp;__aeabi_uidivmod
<LI><a href="#[167]">&gt;&gt;</a>&nbsp;&nbsp;&nbsp;_printf_pre_padding
<LI><a href="#[168]">&gt;&gt;</a>&nbsp;&nbsp;&nbsp;_printf_post_padding
<LI><a href="#[165]">&gt;&gt;</a>&nbsp;&nbsp;&nbsp;_fp_digits
</UL>
<BR>[Called By]<UL><LI><a href="#[163]">&gt;&gt;</a>&nbsp;&nbsp;&nbsp;__0vprintf
</UL>

<P><STRONG><a name="[168]"></a>_printf_post_padding</STRONG> (Thumb, 36 bytes, Stack size 24 bytes, printfa.o(i._printf_post_padding), UNUSED)
<BR><BR>[Called By]<UL><LI><a href="#[164]">&gt;&gt;</a>&nbsp;&nbsp;&nbsp;_printf_core
</UL>

<P><STRONG><a name="[167]"></a>_printf_pre_padding</STRONG> (Thumb, 46 bytes, Stack size 24 bytes, printfa.o(i._printf_pre_padding), UNUSED)
<BR><BR>[Called By]<UL><LI><a href="#[164]">&gt;&gt;</a>&nbsp;&nbsp;&nbsp;_printf_core
</UL>
<P>
<H3>
Undefined Global Symbols
</H3><HR></body></html>
