<html>
<body>
<pre>
<h1>µVision Build Log</h1>
<h2>Tool Versions:</h2>
IDE-Version: µVision V5.39.0.0
Copyright (C) 2023 ARM Ltd and ARM Germany GmbH. All rights reserved.
License Information: Max Flatline, RedDead, LIC=KIVNB-2AHDQ-RF4IZ-JL3PZ-W7ZGM-XRR98
 
Tool Versions:
Toolchain:       MDK-ARM Professional  Version: 5.39.0.0
Toolchain Path:  E:\Keil_v5\ARM\ARMCLANG\Bin
C Compiler:      ArmClang.exe V6.21
Assembler:       Armasm.exe V6.21
Linker/Locator:  ArmLink.exe V6.21
Library Manager: ArmAr.exe V6.21
Hex Converter:   FromElf.exe V6.21
CPU DLL:         SARMCM3.DLL V5.39.0.0
Dialog DLL:      DCM.DLL V1.17.5.0
Target DLL:      lmidk-agdi.dll V???
Dialog DLL:      TCM.DLL V1.56.4.0
 
<h2>Project:</h2>
E:\Workshop\Work_in_progress\14_Evalbot\Projects\00_Helloworld\MDK_ARM\Evalbot_Helloworld.uvprojx
Project File Date:  12/17/2025

<h2>Output:</h2>
*** Using Compiler 'V6.21', folder: 'E:\Keil_v5\ARM\ARMCLANG\Bin'
Rebuild target 'Evalbot_Debug'
assembling startup_lm3s9b92_ac5_noSct.s...
compiling can.c...
compiling cpu.c...
compiling adc.c...
compiling system_lm3s9b92.c...
compiling comp.c...
compiling main.c...
compiling flash.c...
compiling epi.c...
compiling gpio.c...
compiling hibernate.c...
compiling i2c.c...
compiling ethernet.c...
compiling mpu.c...
compiling i2s.c...
compiling interrupt.c...
compiling ssi.c...
compiling qei.c...
compiling pwm.c...
compiling systick.c...
compiling timer.c...
compiling sysctl.c...
compiling udma.c...
compiling uart.c...
compiling usb.c...
compiling watchdog.c...
compiling bsp_evalbot.c...
compiling rtx_delay.c...
../../../Sources/CMSIS_Drivers/I2C/I2C_LM3S9B92.c(104): warning: non-void function does not return a value [-Wreturn-type]
  104 | }
      | ^
../../../Sources/CMSIS_Drivers/I2C/I2C_LM3S9B92.c(108): warning: non-void function does not return a value [-Wreturn-type]
  108 | }
      | ^
../../../Sources/CMSIS_Drivers/I2C/I2C_LM3S9B92.c(112): warning: non-void function does not return a value [-Wreturn-type]
  112 | }
      | ^
../../../Sources/CMSIS_Drivers/I2C/I2C_LM3S9B92.c(164): warning: non-void function does not return a value [-Wreturn-type]
  164 | }
      | ^
../../../Sources/CMSIS_Drivers/I2C/I2C_LM3S9B92.c(168): warning: non-void function does not return a value [-Wreturn-type]
  168 | }
      | ^
../../../Sources/CMSIS_Drivers/I2C/I2C_LM3S9B92.c(172): warning: non-void function does not return a value [-Wreturn-type]
  172 | }
      | ^
../../../Sources/CMSIS_Drivers/I2C/I2C_LM3S9B92.c(176): warning: non-void function does not return a value [-Wreturn-type]
  176 | }
      | ^
../../../Sources/CMSIS_Drivers/I2C/I2C_LM3S9B92.c(180): warning: non-void function does not return a value [-Wreturn-type]
  180 | }
      | ^
../../../Sources/CMSIS_Drivers/I2C/I2C_LM3S9B92.c(184): warning: non-void function does not return a value [-Wreturn-type]
  184 | }
      | ^
../../../Sources/CMSIS_Drivers/I2C/I2C_LM3S9B92.c(188): warning: non-void function does not return a value [-Wreturn-type]
  188 | }
      | ^
../../../Sources/CMSIS_Drivers/I2C/I2C_LM3S9B92.c(192): warning: non-void function does not return a value [-Wreturn-type]
  192 | }
      | ^
../../../Sources/CMSIS_Drivers/I2C/I2C_LM3S9B92.c(196): warning: non-void function does not return a value [-Wreturn-type]
  196 | }
      | ^
../../../Sources/CMSIS_Drivers/I2C/I2C_LM3S9B92.c(200): warning: non-void function does not return a value [-Wreturn-type]
  200 | }
      | ^
../../../Sources/CMSIS_Drivers/I2C/I2C_LM3S9B92.c(204): warning: non-void function does not return a value [-Wreturn-type]
  204 | }
      | ^
../../../Sources/CMSIS_Drivers/I2C/I2C_LM3S9B92.c(208): warning: non-void function does not return a value [-Wreturn-type]
  208 | }
      | ^
../../../Sources/CMSIS_Drivers/I2C/I2C_LM3S9B92.c(212): warning: non-void function does not return a value [-Wreturn-type]
  212 | }
      | ^
../../../Sources/CMSIS_Drivers/I2C/I2C_LM3S9B92.c(216): warning: non-void function does not return a value [-Wreturn-type]
  216 | }
      | ^
../../../Sources/CMSIS_Drivers/I2C/I2C_LM3S9B92.c(220): warning: non-void function does not return a value [-Wreturn-type]
  220 | }
      | ^
../../../Sources/CMSIS_Drivers/I2C/I2C_LM3S9B92.c(252): warning: non-void function does not return a value in all control paths [-Wreturn-type]
  252 | }
      | ^
../../../Sources/CMSIS_Drivers/I2C/I2C_LM3S9B92.c(284): warning: non-void function does not return a value in all control paths [-Wreturn-type]
  284 | }
      | ^
../../../Sources/CMSIS_Drivers/I2C/I2C_LM3S9B92.c(316): warning: non-void function does not return a value in all control paths [-Wreturn-type]
  316 | }
      | ^
../../../Sources/CMSIS_Drivers/I2C/I2C_LM3S9B92.c(320): warning: non-void function does not return a value [-Wreturn-type]
  320 | }
      | ^
../../../Sources/CMSIS_Drivers/I2C/I2C_LM3S9B92.c(324): warning: non-void function does not return a value [-Wreturn-type]
  324 | }
      | ^
../../../Sources/CMSIS_Drivers/I2C/I2C_LM3S9B92.c(328): warning: non-void function does not return a value [-Wreturn-type]
  328 | }
      | ^
24 warnings generated.
compiling I2C_LM3S9B92.c...
compiling GPIO_LM3S9B92.c...
compiling rtx_evr.c...
compiling rtx_evflags.c...
assembling irq_armv7m.S...
compiling rtx_kernel.c...
compiling rtx_lib.c...
compiling rtx_memory.c...
compiling rtx_semaphore.c...
compiling rtx_mempool.c...
compiling rtx_mutex.c...
compiling rtx_msgqueue.c...
compiling RTX_Config.c...
compiling DV_Framework.c...
compiling rtx_timer.c...
compiling os_systick.c...
compiling rtx_system.c...
compiling rtx_thread.c...
compiling DV_I2C.c...
compiling DV_Report.c...
compiling cmsis_dv.c...
compiling stdout_evr.c...
compiling retarget_io.c...
compiling EventRecorder.c...
compiling unity_fixture.c...
compiling unity_memory.c...
compiling unity.c...
linking...
Program Size: Code=30044 RO-data=1944 RW-data=220 ZI-data=29616  
".\Objects\Evalbot_Helloworld.axf" - 0 Error(s), 24 Warning(s).

<h2>Software Packages used:</h2>

Package Vendor: ARM
                https://www.keil.com/pack/ARM.CMSIS.6.2.0.pack
                ARM::CMSIS@6.2.0
                CMSIS (Common Microcontroller Software Interface Standard)
   * Component: GPIO Version: 1.0.0
   * Component: I2C Version: 2.4.0
   * Component: SPI Version: 2.3.0
   * Component: USART Version: 2.4.0
   * Component: OS Tick Version: 1.0.1
   * Component: RTOS2 Version: 2.3.0
   * Component: Custom Version: 1.0.0
   * Component: Custom Version: 1.0.0
   * Component: Custom Version: 1.0.0
   * Component: Custom Version: 1.0.0
   * Component: CORE Version: 6.1.1
   * Component: SysTick Version: 1.0.5

Package Vendor: ARM
                https://www.keil.com/pack/ARM.CMSIS-Compiler.2.1.0.pack
                ARM::CMSIS-Compiler@2.1.0
                CMSIS Compiler extensions for Arm Compiler, GCC, Clang, and IAR Compiler
   * Component: STDOUT Version: 1.1.0
   * Component: CORE Version: 1.1.0
   * Component: Event Recorder Version: 1.1.0

Package Vendor: ARM
                https://www.keil.com/pack/ARM.CMSIS-Driver_Validation.3.1.0-dev.pack
                ARM::CMSIS-Driver_Validation@3.1.0-dev
                CMSIS-Driver Validation
   * Component: Framework Version: 2.0.0
   * Component: I2C Version: 1.4.0

Package Vendor: ARM
                https://www.keil.com/pack/ARM.CMSIS-RTX.5.9.0.pack
                ARM::CMSIS-RTX@5.9.0
                RTX RTOS implementation of CMSIS-RTOS2 API
   * Component: Keil RTX5 Variant: Source Version: 5.9.0

Package Vendor: ARM
                https://www.keil.com/pack/ARM.CMSIS-View.1.2.0.pack
                ARM::CMSIS-View@1.2.0
                Debugger visualization of software events and statistics
   * Component: Event Recorder Variant: DAP Version: 1.6.0

Package Vendor: Arm-Packs
                https://github.com/MDK-Packs/Pack/raw/master/Unity/Arm-Packs.Unity.1.0.0.pack
                Arm-Packs::Unity@1.0.0
                Unit Testing for C (especially Embedded Software)
   * Component: Unity Variant: Classic Version: 2.5.0

Package Vendor: Keil
                https://www.keil.com/pack/Keil.LM3S_DFP.1.1.1.pack
                Keil::LM3S_DFP@1.1.1
                Texas Instruments LM3S Series Device Support

<h2>Collection of Component include folders:</h2>
  ./RTE/CMSIS
  ./RTE/CMSIS-View
  ./RTE/CMSIS_Driver_Validation
  ./RTE/_Evalbot_Debug
  E:/KeilPacks/ARM/CMSIS-Compiler/2.1.0/include
  E:/KeilPacks/ARM/CMSIS-Driver_Validation/3.1.0-dev/Include
  E:/KeilPacks/ARM/CMSIS-RTX/5.9.0/Include
  E:/KeilPacks/ARM/CMSIS-View/1.2.0/EventRecorder/Include
  E:/KeilPacks/ARM/CMSIS/6.2.0/CMSIS/Core/Include
  E:/KeilPacks/ARM/CMSIS/6.2.0/CMSIS/Driver/Include
  E:/KeilPacks/ARM/CMSIS/6.2.0/CMSIS/RTOS2/Include
  E:/KeilPacks/Arm-Packs/Unity/1.0.0/extras/fixture/src
  E:/KeilPacks/Arm-Packs/Unity/1.0.0/extras/memory/src
  E:/KeilPacks/Arm-Packs/Unity/1.0.0/src
  E:/KeilPacks/Keil/LM3S_DFP/1.1.1/Device/Include

<h2>Collection of Component Files used:</h2>

   * Component: ::CMSIS Driver:GPIO(API)@1.0.0
      Include file:  CMSIS/Driver/Include/Driver_GPIO.h

   * Component: ::CMSIS Driver:I2C(API)@2.4.0
      Include file:  CMSIS/Driver/Include/Driver_I2C.h

   * Component: ::CMSIS Driver:SPI(API)@2.3.0
      Include file:  CMSIS/Driver/Include/Driver_SPI.h

   * Component: ::CMSIS Driver:USART(API)@2.4.0
      Include file:  CMSIS/Driver/Include/Driver_USART.h

   * Component: ::CMSIS-Compiler:STDOUT(API)@1.1.0
      Include file:  include/retarget_stdout.h

   * Component: ::CMSIS:OS Tick(API)@1.0.1
      Include file:  CMSIS/RTOS2/Include/os_tick.h

   * Component: ::CMSIS:RTOS2(API)@2.3.0
      Include file:  CMSIS/RTOS2/Include/cmsis_os2.h

   * Component: ARM::CMSIS Driver Validation:Framework@2.0.0
      Source file:   Source/cmsis_dv.c
      Source file:   Source/DV_Framework.c
      Source file:   Source/DV_Report.c
      Include file:  Config/DV_Config.h

   * Component: ARM::CMSIS Driver Validation:I2C@1.4.0
      Source file:   Source/DV_I2C.c
      Include file:  Config/DV_I2C_Config.h

   * Component: ARM::CMSIS Driver:GPIO:Custom@1.0.0
      Source file:   CMSIS/Driver/DriverTemplates/Driver_GPIO.c

   * Component: ARM::CMSIS Driver:I2C:Custom@1.0.0
      Source file:   CMSIS/Driver/DriverTemplates/Driver_I2C.c

   * Component: ARM::CMSIS Driver:SPI:Custom@1.0.0
      Source file:   CMSIS/Driver/DriverTemplates/Driver_SPI.c

   * Component: ARM::CMSIS Driver:USART:Custom@1.0.0
      Source file:   CMSIS/Driver/DriverTemplates/Driver_USART.c

   * Component: ARM::CMSIS-Compiler:CORE@1.1.0
      Source file:   source/armcc/retarget_io.c

   * Component: ARM::CMSIS-Compiler:STDOUT:Event Recorder@1.1.0
      Source file:   source/stdout_evr.c

   * Component: ARM::CMSIS-View:Event Recorder&DAP@1.6.0
      Include file:  EventRecorder/Include/EventRecorder.h
      Include file:  EventRecorder/Config/EventRecorderConf.h
      Source file:   EventRecorder/Source/EventRecorder.c

   * Component: ARM::CMSIS:CORE@6.1.1

   * Component: ARM::CMSIS:OS Tick:SysTick@1.0.5
      Source file:   CMSIS/RTOS2/Source/os_systick.c

   * Component: ARM::CMSIS:RTOS2:Keil RTX5&Source@5.9.0
      Source file:   Config/RTX_Config.c
      Include file:  Include/rtx_os.h
      Source file:   Template/main.c
      Source file:   Template/Events.c
      Source file:   Template/MemPool.c
      Source file:   Template/MsgQueue.c
      Source file:   Template/Mutex.c
      Source file:   Template/Semaphore.c
      Source file:   Template/Thread.c
      Include file:  Config/RTX_Config.h
      Source file:   Source/rtx_memory.c
      Source file:   Template/Timer.c
      Source file:   Source/rtx_semaphore.c
      Source file:   Source/rtx_mempool.c
      Source file:   Source/rtx_timer.c
      Source file:   Source/GCC/irq_armv7m.S
      Source file:   Source/rtx_evr.c
      Source file:   Source/rtx_delay.c
      Source file:   Source/rtx_mutex.c
      Source file:   Source/rtx_kernel.c
      Source file:   Template/svc_user.c
      Source file:   Source/rtx_lib.c
      Source file:   Source/rtx_evflags.c
      Source file:   Source/rtx_msgqueue.c
      Source file:   Source/rtx_system.c
      Source file:   Source/rtx_thread.c

   * Component: Arm-Packs::Test:Unity&Classic@2.5.0
      Source file:   extras/fixture/src/unity_fixture.c
      Include file:  extras/fixture/src/unity_fixture.h
      Include file:  src/unity.h
      Source file:   src/unity.c
      Source file:   extras/memory/src/unity_memory.c
      Include file:  extras/memory/src/unity_memory.h
Build Time Elapsed:  00:00:08
</pre>
</body>
</html>
